<html>
<body>
<pre>
<h1>µVision Build Log</h1>
<h2>Tool Versions:</h2>
IDE-Version: µVision V5.31.0.0
Copyright (C) 2020 ARM Ltd and ARM Germany GmbH. All rights reserved.
License Information: Trung ADMIN, FPT, LIC=32B1Q-NFCWB-VE1HA-19MIU-D6AJS-N9QYC
 
Tool Versions:
Toolchain:       MDK-ARM Plus  Version: 5.31.0.0
Toolchain Path:  C:\Keil_v5\ARM\ARMCLANG\Bin
C Compiler:      ArmClang.exe V6.14
Assembler:       Armasm.exe V6.14
Linker/Locator:  ArmLink.exe V6.14
Library Manager: ArmAr.exe V6.14
Hex Converter:   FromElf.exe V6.14
CPU DLL:         SARMCM3.DLL V5.31.0.0
Dialog DLL:      DCM.DLL V1.17.3.0
Target DLL:      PEMicro\Pemicro_ArmCortexInterface.dll V1.3.0.0
Dialog DLL:      TCM.DLL V1.46.0.0
 
<h2>Project:</h2>
D:\Nhung\FPT\FinalPrj\Product Management\S32K144\Final Project V4\Final Project.uvprojx
Project File Date:  08/15/2024

<h2>Output:</h2>
*** Using Compiler 'V6.14', folder: 'C:\Keil_v5\ARM\ARMCLANG\Bin'
Rebuild target 'Final Prj V2'
compiling Systick_Delay.c...
compiling nvic.c...
compiling clock.c...
gpio.c(24): warning: enumeration value 'NONE' not explicitly handled in switch [-Wswitch-enum]
        switch(Mode)
               ^
1 warning generated.
compiling gpio.c...
compiling LPSPI.c...
compiling LPUART.c...
compiling startup.c...
compiling flash.c...
compiling I2C.c...
compiling i2c-lcd.c...
assembling startup_S32K144.S...
compiling mfrc522.c...
main.c(369): warning: passing 'volatile char [20]' to parameter of type 'char *' discards qualifiers [-Wincompatible-pointer-types-discards-qualifiers]
                strcpy(location, "kho1");
                       ^~~~~~~~
C:\Keil_v5\ARM\ARMCLANG\Bin\..\include\string.h(77): note: passing argument to parameter here
extern _ARMABI char *strcpy(char * __restrict /*s1*/, const char * __restrict /*s2*/) __attribute__((__nonnull__(1,2)));
                                                    ^
main.c(376): warning: passing 'volatile char [20]' to parameter of type 'char *' discards qualifiers [-Wincompatible-pointer-types-discards-qualifiers]
                strcpy(location, "kho2");
                       ^~~~~~~~
C:\Keil_v5\ARM\ARMCLANG\Bin\..\include\string.h(77): note: passing argument to parameter here
extern _ARMABI char *strcpy(char * __restrict /*s1*/, const char * __restrict /*s2*/) __attribute__((__nonnull__(1,2)));
                                                    ^
main.c(586): warning: passing 'volatile char [20]' to parameter of type 'const char *' discards qualifiers [-Wincompatible-pointer-types-discards-qualifiers]
    strcpy(slaveID[quantity].location, location);
                                       ^~~~~~~~
C:\Keil_v5\ARM\ARMCLANG\Bin\..\include\string.h(77): note: passing argument to parameter here
extern _ARMABI char *strcpy(char * __restrict /*s1*/, const char * __restrict /*s2*/) __attribute__((__nonnull__(1,2)));
                                                                                    ^
3 warnings generated.
compiling main.c...
compiling system_S32K144.c...
linking...
Program Size: Code=10244 RO-data=1024 RW-data=4 ZI-data=7436  
".\Objects\Final Project.axf" - 0 Error(s), 4 Warning(s).

<h2>Software Packages used:</h2>

Package Vendor: ARM
                http://www.keil.com/pack/ARM.CMSIS.5.9.0.pack
                ARM.CMSIS.5.9.0
                CMSIS (Common Microcontroller Software Interface Standard)
   * Component: CORE Version: 5.6.0

Package Vendor: Keil
                https://www.keil.com/pack/Keil.S32_SDK_DFP.1.5.1.pack
                Keil.S32_SDK_DFP.1.5.1
                NXP S32 SDK S32K14x Device Support
   * Component: Startup Version: 2.0.0

<h2>Collection of Component include folders:</h2>
  .\RTE\Device\S32K144HAxxxLLx
  .\RTE\_Final_Prj_V2
  C:\Users\ADMIN\AppData\Local\Arm\Packs\ARM\CMSIS\5.9.0\CMSIS\Core\Include
  C:\Users\ADMIN\AppData\Local\Arm\Packs\Keil\S32_SDK_DFP\1.5.1\platform\devices
  C:\Users\ADMIN\AppData\Local\Arm\Packs\Keil\S32_SDK_DFP\1.5.1\platform\devices\common

<h2>Collection of Component Files used:</h2>

   * Component: ARM::CMSIS:CORE:5.6.0

   * Component: Keil::Device:Startup:2.0.0
      Source file:   platform\devices\startup.c
      Source file:   platform\devices\S32K144\startup\system_S32K144.c
      Include file:  platform\devices\device_registers.h
      Include file:  platform\devices\S32K144\startup\system_S32K144.h
      Source file:   platform\devices\S32K144\startup\armc\startup_S32K144.S
Build Time Elapsed:  00:00:01
</pre>
</body>
</html>
