Component: ARM Compiler 6.14 Tool: armlink [5db06800]

==============================================================================

Section Cross References

    main.o(.text) refers (Special) to _printf_c.o(.ARM.Collect$$_printf_percent$$00000013) for _printf_c
    main.o(.text) refers (Special) to _printf_d.o(.ARM.Collect$$_printf_percent$$00000009) for _printf_d
    main.o(.text) refers (Special) to _printf_dec.o(.text) for _printf_int_dec
    main.o(.text) refers (Special) to _printf_hex_int.o(.text) for _printf_longlong_hex
    main.o(.text) refers (Special) to _printf_percent.o(.ARM.Collect$$_printf_percent$$00000000) for _printf_percent
    main.o(.text) refers (Special) to _printf_pad.o(.text) for _printf_pre_padding
    main.o(.text) refers (Special) to _printf_s.o(.ARM.Collect$$_printf_percent$$00000014) for _printf_s
    main.o(.text) refers (Special) to _printf_str.o(.text) for _printf_str
    main.o(.text) refers (Special) to _printf_x.o(.ARM.Collect$$_printf_percent$$0000000C) for _printf_x
    main.o(.text) refers (Special) to _scanf_int.o(.text) for _scanf_int
    main.o(.text) refers (Special) to _scanf_str.o(.text) for _scanf_string
    main.o(.text.main) refers (Special) to _printf_c.o(.ARM.Collect$$_printf_percent$$00000013) for _printf_c
    main.o(.text.main) refers (Special) to _printf_d.o(.ARM.Collect$$_printf_percent$$00000009) for _printf_d
    main.o(.text.main) refers (Special) to _printf_dec.o(.text) for _printf_int_dec
    main.o(.text.main) refers (Special) to _printf_hex_int.o(.text) for _printf_longlong_hex
    main.o(.text.main) refers (Special) to _printf_percent.o(.ARM.Collect$$_printf_percent$$00000000) for _printf_percent
    main.o(.text.main) refers (Special) to _printf_pad.o(.text) for _printf_pre_padding
    main.o(.text.main) refers (Special) to _printf_s.o(.ARM.Collect$$_printf_percent$$00000014) for _printf_s
    main.o(.text.main) refers (Special) to _printf_str.o(.text) for _printf_str
    main.o(.text.main) refers (Special) to _printf_x.o(.ARM.Collect$$_printf_percent$$0000000C) for _printf_x
    main.o(.text.main) refers (Special) to _scanf_int.o(.text) for _scanf_int
    main.o(.text.main) refers (Special) to _scanf_str.o(.text) for _scanf_string
    main.o(.text.main) refers to rand.o(.text) for srand
    main.o(.text.main) refers to main.o(.text.Init) for Init
    main.o(.text.main) refers to main.o(.bss.menu) for menu
    main.o(.text.main) refers to main.o(.bss.subMenu) for subMenu
    main.o(.text.main) refers to main.o(.data.prevSubMenu) for prevSubMenu
    main.o(.text.main) refers to main.o(.bss.lastQuantity) for lastQuantity
    main.o(.text.main) refers to main.o(.bss.quantity) for quantity
    main.o(.text.main) refers to main.o(.bss.flag) for flag
    main.o(.text.main) refers to systick_delay.o(.text.delay_ms) for delay_ms
    main.o(.text.main) refers to main.o(.text.IsSlaveIDInSys) for IsSlaveIDInSys
    main.o(.text.main) refers to i2c-lcd.o(.text.lcd_clear) for lcd_clear
    main.o(.text.main) refers to i2c-lcd.o(.text.lcd_put_cur) for lcd_put_cur
    main.o(.text.main) refers to i2c-lcd.o(.text.lcd_send_string) for lcd_send_string
    main.o(.text.main) refers to main.o(.bss.slaveID) for slaveID
    main.o(.text.main) refers to main.o(.rodata.str1.1) for .L.str.3
    main.o(.text.main) refers to main.o(.text.DeleteCard) for DeleteCard
    main.o(.text.main) refers to main.o(.text.CheckAvailableTag) for CheckAvailableTag
    main.o(.text.main) refers to main.o(.text.IsMasterID) for IsMasterID
    main.o(.text.main) refers to i2c-lcd.o(.text.lcd_send_num) for lcd_send_num
    main.o(.text.main) refers to main.o(.bss.check1) for check1
    main.o(.text.main) refers to main.o(.text.RegisterCard) for RegisterCard
    main.o(.text.main) refers to main.o(.text.sendData) for sendData
    main.o(.ARM.exidx.text.main) refers (Special) to _printf_c.o(.ARM.Collect$$_printf_percent$$00000013) for _printf_c
    main.o(.ARM.exidx.text.main) refers (Special) to _printf_d.o(.ARM.Collect$$_printf_percent$$00000009) for _printf_d
    main.o(.ARM.exidx.text.main) refers (Special) to _printf_dec.o(.text) for _printf_int_dec
    main.o(.ARM.exidx.text.main) refers (Special) to _printf_hex_int.o(.text) for _printf_longlong_hex
    main.o(.ARM.exidx.text.main) refers (Special) to _printf_percent.o(.ARM.Collect$$_printf_percent$$00000000) for _printf_percent
    main.o(.ARM.exidx.text.main) refers (Special) to _printf_pad.o(.text) for _printf_pre_padding
    main.o(.ARM.exidx.text.main) refers (Special) to _printf_s.o(.ARM.Collect$$_printf_percent$$00000014) for _printf_s
    main.o(.ARM.exidx.text.main) refers (Special) to _printf_str.o(.text) for _printf_str
    main.o(.ARM.exidx.text.main) refers (Special) to _printf_x.o(.ARM.Collect$$_printf_percent$$0000000C) for _printf_x
    main.o(.ARM.exidx.text.main) refers (Special) to _scanf_int.o(.text) for _scanf_int
    main.o(.ARM.exidx.text.main) refers (Special) to _scanf_str.o(.text) for _scanf_string
[...]
    system_S32K144.c                         0x00000000   Number         0  system_s32k144.o ABSOLUTE
    RESET                                    0x00000000   Section      560  startup_s32k144.o(RESET)
    FlashConfig                              0x00000400   Section       16  startup_s32k144.o(FlashConfig)
    uc_hextab                                0x00000410   Data          20  _printf_hex_int.o(.constdata)
    .constdata                               0x00000410   Section       40  _printf_hex_int.o(.constdata)
    lc_hextab                                0x00000424   Data          20  _printf_hex_int.o(.constdata)
    maptable                                 0x00000438   Data          17  __printf_flags_wp.o(.constdata)
    .constdata                               0x00000438   Section       17  __printf_flags_wp.o(.constdata)
    masterID                                 0x00000449   Data          37  main.o(.rodata.masterID)
    [Anonymous Symbol]                       0x00000449   Section        0  main.o(.rodata.masterID)
    .L.str.1                                 0x0000046e   Data          11  main.o(.rodata.str1.1)
    [Anonymous Symbol]                       0x0000046e   Section        0  main.o(.rodata.str1.1)
    .L.str.21                                0x00000479   Data          21  main.o(.rodata.str1.1)
    .L.str.7                                 0x0000048e   Data           8  main.o(.rodata.str1.1)
    .L.str.3                                 0x00000496   Data           8  main.o(.rodata.str1.1)
    locale$$data                             0x000004a0   Section      272  lc_ctype_c.o(locale$$data)
    __lcctype_c_name                         0x000004a4   Data           2  lc_ctype_c.o(locale$$data)
    __lcctype_c_start                        0x000004ac   Data           0  lc_ctype_c.o(locale$$data)
    __lcctype_c_end                          0x000005b0   Data           0  lc_ctype_c.o(locale$$data)
    !!!main                                  0x000005b0   Section        8  __main.o(!!!main)
    !!!scatter                               0x000005b8   Section       52  __scatter.o(!!!scatter)
    !!handler_copy                           0x000005ec   Section       26  __scatter_copy.o(!!handler_copy)
    !!handler_zi                             0x00000608   Section       28  __scatter_zi.o(!!handler_zi)
    .ARM.Collect$$_printf_percent$$00000000  0x00000624   Section        0  _printf_percent.o(.ARM.Collect$$_printf_percent$$00000000)
    .ARM.Collect$$_printf_percent$$00000009  0x00000624   Section        6  _printf_d.o(.ARM.Collect$$_printf_percent$$00000009)
    .ARM.Collect$$_printf_percent$$0000000C  0x0000062a   Section        6  _printf_x.o(.ARM.Collect$$_printf_percent$$0000000C)
    .ARM.Collect$$_printf_percent$$00000013  0x00000630   Section        6  _printf_c.o(.ARM.Collect$$_printf_percent$$00000013)
    .ARM.Collect$$_printf_percent$$00000014  0x00000636   Section        6  _printf_s.o(.ARM.Collect$$_printf_percent$$00000014)
    .ARM.Collect$$_printf_percent$$00000017  0x0000063c   Section        4  _printf_percent_end.o(.ARM.Collect$$_printf_percent$$00000017)
    .ARM.Collect$$libinit$$00000000          0x00000640   Section        2  libinit.o(.ARM.Collect$$libinit$$00000000)
    .ARM.Collect$$libinit$$00000001          0x00000642   Section        4  libinit2.o(.ARM.Collect$$libinit$$00000001)
    .ARM.Collect$$libinit$$00000004          0x00000646   Section        0  libinit2.o(.ARM.Collect$$libinit$$00000004)
    .ARM.Collect$$libinit$$0000000A          0x00000646   Section        0  libinit2.o(.ARM.Collect$$libinit$$0000000A)
    .ARM.Collect$$libinit$$0000000C          0x00000646   Section        0  libinit2.o(.ARM.Collect$$libinit$$0000000C)
    .ARM.Collect$$libinit$$0000000D          0x00000646   Section        4  libinit2.o(.ARM.Collect$$libinit$$0000000D)
    .ARM.Collect$$libinit$$0000000E          0x0000064a   Section        0  libinit2.o(.ARM.Collect$$libinit$$0000000E)
    .ARM.Collect$$libinit$$0000000F          0x0000064a   Section        6  libinit2.o(.ARM.Collect$$libinit$$0000000F)
    .ARM.Collect$$libinit$$00000011          0x00000650   Section        0  libinit2.o(.ARM.Collect$$libinit$$00000011)
    .ARM.Collect$$libinit$$00000012          0x00000650   Section       12  libinit2.o(.ARM.Collect$$libinit$$00000012)
    .ARM.Collect$$libinit$$00000013          0x0000065c   Section        0  libinit2.o(.ARM.Collect$$libinit$$00000013)
    .ARM.Collect$$libinit$$00000015          0x0000065c   Section        0  libinit2.o(.ARM.Collect$$libinit$$00000015)
    .ARM.Collect$$libinit$$00000017          0x0000065c   Section        0  libinit2.o(.ARM.Collect$$libinit$$00000017)
    .ARM.Collect$$libinit$$00000019          0x0000065c   Section        0  libinit2.o(.ARM.Collect$$libinit$$00000019)
    .ARM.Collect$$libinit$$0000001B          0x0000065c   Section        0  libinit2.o(.ARM.Collect$$libinit$$0000001B)
    .ARM.Collect$$libinit$$0000001D          0x0000065c   Section        0  libinit2.o(.ARM.Collect$$libinit$$0000001D)
    .ARM.Collect$$libinit$$0000001F          0x0000065c   Section        0  libinit2.o(.ARM.Collect$$libinit$$0000001F)
    .ARM.Collect$$libinit$$00000021          0x0000065c   Section        0  libinit2.o(.ARM.Collect$$libinit$$00000021)
    .ARM.Collect$$libinit$$00000023          0x0000065c   Section        0  libinit2.o(.ARM.Collect$$libinit$$00000023)
    .ARM.Collect$$libinit$$00000025          0x0000065c   Section        0  libinit2.o(.ARM.Collect$$libinit$$00000025)
    .ARM.Collect$$libinit$$0000002C          0x0000065c   Section        0  libinit2.o(.ARM.Collect$$libinit$$0000002C)
    .ARM.Collect$$libinit$$0000002E          0x0000065c   Section        0  libinit2.o(.ARM.Collect$$libinit$$0000002E)
    .ARM.Collect$$libinit$$00000030          0x0000065c   Section        0  libinit2.o(.ARM.Collect$$libinit$$00000030)
    .ARM.Collect$$libinit$$00000032          0x0000065c   Section        0  libinit2.o(.ARM.Collect$$libinit$$00000032)
    .ARM.Collect$$libinit$$00000033          0x0000065c   Section        2  libinit2.o(.ARM.Collect$$libinit$$00000033)
    .ARM.Collect$$libshutdown$$00000000      0x0000065e   Section        2  libshutdown.o(.ARM.Collect$$libshutdown$$00000000)
    .ARM.Collect$$libshutdown$$00000002      0x00000660   Section        0  libshutdown2.o(.ARM.Collect$$libshutdown$$00000002)
    .ARM.Collect$$libshutdown$$00000004      0x00000660   Section        0  libshutdown2.o(.ARM.Collect$$libshutdown$$00000004)
    .ARM.Collect$$libshutdown$$00000007      0x00000660   Section        0  libshutdown2.o(.ARM.Collect$$libshutdown$$00000007)
    .ARM.Collect$$libshutdown$$0000000A      0x00000660   Section        0  libshutdown2.o(.ARM.Collect$$libshutdown$$0000000A)
    .ARM.Collect$$libshutdown$$0000000C      0x00000660   Section        0  libshutdown2.o(.ARM.Collect$$libshutdown$$0000000C)
    .ARM.Collect$$libshutdown$$0000000F      0x00000660   Section        0  libshutdown2.o(.ARM.Collect$$libshutdown$$0000000F)
    .ARM.Collect$$libshutdown$$00000010      0x00000660   Section        2  libshutdown2.o(.ARM.Collect$$libshutdown$$00000010)
    .ARM.Collect$$rtentry$$00000000          0x00000662   Section        0  __rtentry.o(.ARM.Collect$$rtentry$$00000000)
    .ARM.Collect$$rtentry$$00000002          0x00000662   Section        0  __rtentry2.o(.ARM.Collect$$rtentry$$00000002)
    .ARM.Collect$$rtentry$$00000007          0x00000662   Section        4  __rtentry7.o(.ARM.Collect$$rtentry$$00000007)
    .ARM.Collect$$rtentry$$00000009          0x00000666   Section        0  __rtentry2.o(.ARM.Collect$$rtentry$$00000009)
    .ARM.Collect$$rtentry$$0000000A          0x00000666   Section        4  __rtentry2.o(.ARM.Collect$$rtentry$$0000000A)
    .ARM.Collect$$rtentry$$0000000C          0x0000066a   Section        0  __rtentry2.o(.ARM.Collect$$rtentry$$0000000C)
    .ARM.Collect$$rtentry$$0000000D          0x0000066a   Section        8  __rtentry2.o(.ARM.Collect$$rtentry$$0000000D)
    __lit__00000000                          0x00000674   Data           4  __rtentry7.o(.ARM.Collect$$rtentry$$00002718)
    .ARM.Collect$$rtentry$$00002718          0x00000674   Section        4  __rtentry7.o(.ARM.Collect$$rtentry$$00002718)
    .ARM.Collect$$rtexit$$00000000           0x00000678   Section        2  rtexit.o(.ARM.Collect$$rtexit$$00000000)
    .ARM.Collect$$rtexit$$00000002           0x0000067a   Section        0  rtexit2.o(.ARM.Collect$$rtexit$$00000002)
    .ARM.Collect$$rtexit$$00000003           0x0000067a   Section        4  rtexit2.o(.ARM.Collect$$rtexit$$00000003)
    .ARM.Collect$$rtexit$$00000004           0x0000067e   Section        6  rtexit2.o(.ARM.Collect$$rtexit$$00000004)
    .emb_text                                0x00000684   Section       52  rand.o(.emb_text)
    .text                                    0x000006b8   Section      156  startup_s32k144.o(.text)
    $v0                                      0x0000070c   Number         0  startup_s32k144.o(.text)
    .text                                    0x00000754   Section        0  __2sprintf.o(.text)
    .text                                    0x00000780   Section        0  _printf_pad.o(.text)
    .text                                    0x000007ce   Section        0  _printf_str.o(.text)
    .text                                    0x00000820   Section        0  _printf_dec.o(.text)
    .text                                    0x00000898   Section        0  _printf_hex_int.o(.text)
    .text                                    0x000008f0   Section        0  __printf_flags_wp.o(.text)
    .text                                    0x00000a28   Section        0  __0sscanf.o(.text)
    .text                                    0x00000a64   Section        0  _scanf_int.o(.text)
    .text                                    0x00000bb0   Section        0  _scanf_str.o(.text)
    .text                                    0x00000c90   Section        0  rand.o(.text)
    .text                                    0x00000ccc   Section        0  strstr.o(.text)
    .text                                    0x00000cf0   Section        0  memcmp.o(.text)
    .text                                    0x00000d48   Section        0  strcpy.o(.text)
    .text                                    0x00000d90   Section      138  rt_memcpy_v6.o(.text)
    .text                                    0x00000e1a   Section       68  rt_memclr.o(.text)
    .text                                    0x00000e5e   Section       78  rt_memclr_w.o(.text)
    .text                                    0x00000eac   Section       86  strncpy.o(.text)
    .text                                    0x00000f02   Section        0  _printf_intcommon.o(.text)
    _printf_input_char                       0x00000fb5   Thumb Code    10  _printf_char_common.o(.text)
    .text                                    0x00000fb4   Section        0  _printf_char_common.o(.text)
    .text                                    0x00000fe4   Section        0  _sputc.o(.text)
    .text                                    0x00000fee   Section        0  _printf_char.o(.text)
    .text                                    0x0000101a   Section        0  _chval.o(.text)
    _scanf_char_input                        0x00001039   Thumb Code    12  scanf_char.o(.text)
    .text                                    0x00001038   Section        0  scanf_char.o(.text)
    .text                                    0x00001064   Section        0  _sgetc.o(.text)
    .text                                    0x000010a4   Section      100  rt_memcpy_w.o(.text)
    .text                                    0x00001108   Section        0  isspace.o(.text)
    .text                                    0x0000111c   Section        0  _scanf.o(.text)
    .text                                    0x00001490   Section       16  rt_ctype_table.o(.text)
    .text                                    0x000014a0   Section        0  exit.o(.text)
    .text                                    0x000014b4   Section        8  rt_locale_intlibspace.o(.text)
    .text                                    0x000014bc   Section        2  use_no_semi.o(.text)
    .text                                    0x000014be   Section        0  indicate_semi.o(.text)
    .text                                    0x000014c0   Section      124  strcmpv7em.o(.text)
    .text                                    0x0000153c   Section        0  sys_exit.o(.text)
    [Anonymous Symbol]                       0x00001548   Section        0  main.o(.text.CheckAvailableTag)
    [Anonymous Symbol]                       0x000015c8   Section        0  main.o(.text.CheckRole)
    [Anonymous Symbol]                       0x000015f0   Section        0  systick_delay.o(.text.DelayMillis)
    [Anonymous Symbol]                       0x00001614   Section        0  main.o(.text.DeleteCard)
    [Anonymous Symbol]                       0x000016f0   Section        0  gpio.o(.text.GPIO_SetOutputPin)
    [Anonymous Symbol]                       0x00001700   Section        0  gpio.o(.text.Gpio_Init)
    [Anonymous Symbol]                       0x00001748   Section        0  main.o(.text.Init)
    [Anonymous Symbol]                       0x000017cc   Section        0  main.o(.text.IsMasterID)
    [Anonymous Symbol]                       0x00001810   Section        0  main.o(.text.IsSlaveIDInSys)
    [Anonymous Symbol]                       0x0000185c   Section        0  i2c.o(.text.LPI2C0_Master_IRQHandler)
    [Anonymous Symbol]                       0x000018f8   Section        0  i2c.o(.text.LPI2C0_clock)
    [Anonymous Symbol]                       0x00001908   Section        0  i2c.o(.text.LPI2C0_init)
    [Anonymous Symbol]                       0x00001940   Section        0  i2c.o(.text.LPI2C0_write)
    [Anonymous Symbol]                       0x0000198c   Section        0  lpuart.o(.text.LPUART0_RxTx_IRQHandler)
    [Anonymous Symbol]                       0x000019a8   Section        0  main.o(.text.LPUART1_RxTx_IRQHandler)
    [Anonymous Symbol]                       0x00001b88   Section        0  lpuart.o(.text.LPUART_init)
    [Anonymous Symbol]                       0x00001c44   Section        0  lpuart.o(.text.LPUARTx_SendByte)
    [Anonymous Symbol]                       0x00001c50   Section        0  lpuart.o(.text.LPUARTx_SendString)
    [Anonymous Symbol]                       0x00001c74   Section        0  main.o(.text.LoadID)
    [Anonymous Symbol]                       0x00001cac   Section        0  nvic.o(.text.NVIC_EnableInterrupt)
    [Anonymous Symbol]                       0x00001cd0   Section        0  nvic.o(.text.NVIC_SetPriority)
    [Anonymous Symbol]                       0x00001cf8   Section        0  clock.o(.text.NormalRUNmode_80MHz)
    [Anonymous Symbol]                       0x00001d18   Section        0  main.o(.text.PORTC_IRQHandler)
    [Anonymous Symbol]                       0x00001d74   Section        0  main.o(.text.PORT_conf)
    [Anonymous Symbol]                       0x00001ea8   Section        0  main.o(.text.RegisterCard)
    [Anonymous Symbol]                       0x00001f88   Section        0  clock.o(.text.SOSC_Init)
    [Anonymous Symbol]                       0x00001fb8   Section        0  clock.o(.text.SPLL_160Mhz_init)
    [Anonymous Symbol]                       0x00001ff4   Section        0  main.o(.text.SendPacket)
    [Anonymous Symbol]                       0x000020dc   Section        0  system_s32k144.o(.text.SystemInit)
    [Anonymous Symbol]                       0x0000211c   Section        0  mfrc522.o(.text.TM_MFRC522_AntennaOn)
    [Anonymous Symbol]                       0x00002134   Section        0  mfrc522.o(.text.TM_MFRC522_Anticoll)
    [Anonymous Symbol]                       0x00002184   Section        0  mfrc522.o(.text.TM_MFRC522_CalculateCRC)
    [Anonymous Symbol]                       0x000021dc   Section        0  mfrc522.o(.text.TM_MFRC522_Check)
    [Anonymous Symbol]                       0x000021fc   Section        0  mfrc522.o(.text.TM_MFRC522_ClearBitMask)
    [Anonymous Symbol]                       0x00002214   Section        0  mfrc522.o(.text.TM_MFRC522_Halt)
    [Anonymous Symbol]                       0x00002244   Section        0  mfrc522.o(.text.TM_MFRC522_Init)
    [Anonymous Symbol]                       0x00002288   Section        0  mfrc522.o(.text.TM_MFRC522_ReadRegister)
    [Anonymous Symbol]                       0x000022b8   Section        0  mfrc522.o(.text.TM_MFRC522_Request)
    [Anonymous Symbol]                       0x000022f8   Section        0  mfrc522.o(.text.TM_MFRC522_Reset)
    [Anonymous Symbol]                       0x00002304   Section        0  mfrc522.o(.text.TM_MFRC522_SetBitMask)
    [Anonymous Symbol]                       0x0000231c   Section        0  mfrc522.o(.text.TM_MFRC522_ToCard)
    [Anonymous Symbol]                       0x0000242c   Section        0  mfrc522.o(.text.TM_MFRC522_WriteRegister)
    [Anonymous Symbol]                       0x0000245c   Section        0  mfrc522.o(.text.TM_SPI_Init)
    [Anonymous Symbol]                       0x0000249c   Section        0  mfrc522.o(.text.TM_SPI_Send)
    bus_busy                                 0x000024d5   Thumb Code    60  i2c.o(.text.bus_busy)
    [Anonymous Symbol]                       0x000024d4   Section        0  i2c.o(.text.bus_busy)
    [Anonymous Symbol]                       0x00002510   Section        0  systick_delay.o(.text.delay_ms)
    generate_start_ACK                       0x00002529   Thumb Code    16  i2c.o(.text.generate_start_ACK)
    [Anonymous Symbol]                       0x00002528   Section        0  i2c.o(.text.generate_start_ACK)
    generate_stop                            0x00002539   Thumb Code   104  i2c.o(.text.generate_stop)
    [Anonymous Symbol]                       0x00002538   Section        0  i2c.o(.text.generate_stop)
    [Anonymous Symbol]                       0x000025a0   Section        0  lpuart.o(.text.get_clock_frequency)
    get_irqn                                 0x000025c5   Thumb Code    18  lpuart.o(.text.get_irqn)
    [Anonymous Symbol]                       0x000025c4   Section        0  lpuart.o(.text.get_irqn)
    [Anonymous Symbol]                       0x000025d8   Section        0  systick_delay.o(.text.initSysTick)
    [Anonymous Symbol]                       0x000025fc   Section        0  startup.o(.text.init_data_bss)
    [Anonymous Symbol]                       0x0000264c   Section        0  i2c-lcd.o(.text.lcd_clear)
    [Anonymous Symbol]                       0x00002664   Section        0  i2c-lcd.o(.text.lcd_init)
    [Anonymous Symbol]                       0x000026dc   Section        0  i2c-lcd.o(.text.lcd_put_cur)
    [Anonymous Symbol]                       0x000026f8   Section        0  i2c-lcd.o(.text.lcd_send_cmd)
    [Anonymous Symbol]                       0x00002738   Section        0  i2c-lcd.o(.text.lcd_send_data)
    [Anonymous Symbol]                       0x00002778   Section        0  i2c-lcd.o(.text.lcd_send_num)
    [Anonymous Symbol]                       0x00002784   Section        0  i2c-lcd.o(.text.lcd_send_string)
    [Anonymous Symbol]                       0x000027a0   Section        0  main.o(.text.main)
    [Anonymous Symbol]                       0x00002cc0   Section        0  main.o(.text.sendData)
    transmit_data                            0x00002d51   Thumb Code    12  i2c.o(.text.transmit_data)
    [Anonymous Symbol]                       0x00002d50   Section        0  i2c.o(.text.transmit_data)
    i._is_digit                              0x00002d5c   Section        0  __printf_wp.o(i._is_digit)
    locale$$code                             0x00002d6c   Section       44  lc_ctype_c.o(locale$$code)
    $v0                                      0x00002d98   Number         0  fpinit.o(x$fpl$fpinit)
    x$fpl$fpinit                             0x00002d98   Section       26  fpinit.o(x$fpl$fpinit)
    prevSubMenu                              0x1fff8400   Data           1  main.o(.data.prevSubMenu)
    [Anonymous Symbol]                       0x1fff8400   Section        0  main.o(.data.prevSubMenu)
    .bss                                     0x20000000   Section      228  rand.o(.bss)
    .bss                                     0x200000e4   Section       96  libspace.o(.bss)
    CardID                                   0x20000144   Data           5  main.o(.bss.CardID)
    [Anonymous Symbol]                       0x20000144   Section        0  main.o(.bss.CardID)
    LPUART1_RxTx_IRQHandler.buffer           0x20000149   Data         100  main.o(.bss.LPUART1_RxTx_IRQHandler.buffer)
    [Anonymous Symbol]                       0x20000149   Section        0  main.o(.bss.LPUART1_RxTx_IRQHandler.buffer)
    LPUART1_RxTx_IRQHandler.bufferIndex      0x200001ad   Data           1  main.o(.bss.LPUART1_RxTx_IRQHandler.bufferIndex)
    [Anonymous Symbol]                       0x200001ad   Section        0  main.o(.bss.LPUART1_RxTx_IRQHandler.bufferIndex)
    check1                                   0x200001ae   Data           1  main.o(.bss.check1)
    [Anonymous Symbol]                       0x200001ae   Section        0  main.o(.bss.check1)
    error                                    0x200001af   Data           1  i2c.o(.bss.error)
    [Anonymous Symbol]                       0x200001af   Section        0  i2c.o(.bss.error)
    flag                                     0x200001b0   Data           1  main.o(.bss.flag)
    [Anonymous Symbol]                       0x200001b0   Section        0  main.o(.bss.flag)
    lastQuantity                             0x200001b1   Data           1  main.o(.bss.lastQuantity)
    [Anonymous Symbol]                       0x200001b1   Section        0  main.o(.bss.lastQuantity)
    location                                 0x200001b4   Data          20  main.o(.bss.location)
    [Anonymous Symbol]                       0x200001b4   Section        0  main.o(.bss.location)
    menu                                     0x200001c8   Data           2  main.o(.bss.menu)
    [Anonymous Symbol]                       0x200001c8   Section        0  main.o(.bss.menu)
    quantity                                 0x200001ca   Data           1  main.o(.bss.quantity)
    [Anonymous Symbol]                       0x200001ca   Section        0  main.o(.bss.quantity)
    slaveID                                  0x200001cc   Data        3700  main.o(.bss.slaveID)
    [Anonymous Symbol]                       0x200001cc   Section        0  main.o(.bss.slaveID)
    subMenu                                  0x20001040   Data           2  main.o(.bss.subMenu)
    [Anonymous Symbol]                       0x20001040   Section        0  main.o(.bss.subMenu)
    szBuff                                   0x20001042   Data         100  main.o(.bss.szBuff)
    [Anonymous Symbol]                       0x20001042   Section        0  main.o(.bss.szBuff)
    szBuff2                                  0x200010a6   Data         100  main.o(.bss.szBuff2)
    [Anonymous Symbol]                       0x200010a6   Section        0  main.o(.bss.szBuff2)

    Global Symbols

    Symbol Name                              Value     Ov Type        Size  Object(Section)

    BuildAttributes$$THM_ISAv4$E$P$D$K$B$S$7EM$VFPi3$EXTD16$VFPS$VFMA$PE$A:L22UL41UL21$X:L11$S22US41US21$IEEE1$IW$~IW$USESV6$~STKCKD$USESV7$~SHL$OTIME$ROPI$EBA8$UX$STANDARDLIB$REQ8$PRES8$EABIv2 0x00000000   Number         0  anon$$obj.o ABSOLUTE
    Image$$RW_m_code$$Length                 0x00000000   Number         0  anon$$obj.o ABSOLUTE
    Image$$VECTOR_RAM$$Length                0x00000000   Number         0  anon$$obj.o ABSOLUTE
    Image$$VECTOR_ROM$$Base                  0x00000000   Number         0  anon$$obj.o ABSOLUTE
    __Vectors                                0x00000000   Data           4  startup_s32k144.o(RESET)
    _printf_flags                            0x00000000   Number         0  printf_stubs.o ABSOLUTE
    _printf_return_value                     0x00000000   Number         0  printf_stubs.o ABSOLUTE
    _printf_sizespec                         0x00000000   Number         0  printf_stubs.o ABSOLUTE
    _printf_widthprec                        0x00000000   Number         0  printf_stubs.o ABSOLUTE
    Image$$ZI$$Limit                          - Undefined Weak Reference
    __ARM_exceptions_init                     - Undefined Weak Reference
    __alloca_initialize                       - Undefined Weak Reference
    __arm_preinit_                            - Undefined Weak Reference
    __cpp_initialize__aeabi_                  - Undefined Weak Reference
    __cxa_finalize                            - Undefined Weak Reference
    __sigvec_lookup                           - Undefined Weak Reference
    _atexit_init                              - Undefined Weak Reference
    _call_atexit_fns                          - Undefined Weak Reference
    _clock_init                               - Undefined Weak Reference
    _fp_trap_init                             - Undefined Weak Reference
    _fp_trap_shutdown                         - Undefined Weak Reference
    _get_lc_collate                           - Undefined Weak Reference
    _get_lc_monetary                          - Undefined Weak Reference
    _get_lc_numeric                           - Undefined Weak Reference
    _get_lc_time                              - Undefined Weak Reference
    _getenv_init                              - Undefined Weak Reference
    _handle_redirection                       - Undefined Weak Reference
    _init_alloc                               - Undefined Weak Reference
    _init_user_alloc                          - Undefined Weak Reference
    _initio                                   - Undefined Weak Reference
    _printf_mbtowc                            - Undefined Weak Reference
    _printf_truncate_signed                   - Undefined Weak Reference
    _printf_truncate_unsigned                 - Undefined Weak Reference
    _scanf_longlong                           - Undefined Weak Reference
    _scanf_mbtowc                             - Undefined Weak Reference
    _scanf_real                               - Undefined Weak Reference
    _scanf_wctomb                             - Undefined Weak Reference
    _scanf_wstring                            - Undefined Weak Reference
    _signal_finish                            - Undefined Weak Reference
    _signal_init                              - Undefined Weak Reference
    _terminate_alloc                          - Undefined Weak Reference
    _terminate_user_alloc                     - Undefined Weak Reference
    _terminateio                              - Undefined Weak Reference
    Image$$RW_m_data$$Length                 0x00000004   Number         0  anon$$obj.o ABSOLUTE
    Image$$VECTOR_ROM$$Length                0x00000230   Number         0  anon$$obj.o ABSOLUTE
    Image$$VECTOR_ROM$$Limit                 0x00000230   Number         0  anon$$obj.o ABSOLUTE
    Image$$ER_m_text_const$$Base             0x00000410   Number         0  anon$$obj.o ABSOLUTE
    __ctype                                  0x000004ad   Data           0  lc_ctype_c.o(locale$$data)
    Image$$ER_m_text_const$$Limit            0x000005b0   Number         0  anon$$obj.o ABSOLUTE
    __main                                   0x000005b1   Thumb Code     8  __main.o(!!!main)
    __scatterload                            0x000005b9   Thumb Code     0  __scatter.o(!!!scatter)
    __scatterload_rt2                        0x000005b9   Thumb Code    44  __scatter.o(!!!scatter)
    __scatterload_rt2_thumb_only             0x000005b9   Thumb Code     0  __scatter.o(!!!scatter)
    __scatterload_null                       0x000005c7   Thumb Code     0  __scatter.o(!!!scatter)
    __scatterload_copy                       0x000005ed   Thumb Code    26  __scatter_copy.o(!!handler_copy)
    __scatterload_zeroinit                   0x00000609   Thumb Code    28  __scatter_zi.o(!!handler_zi)
    _printf_d                                0x00000625   Thumb Code     0  _printf_d.o(.ARM.Collect$$_printf_percent$$00000009)
    _printf_percent                          0x00000625   Thumb Code     0  _printf_percent.o(.ARM.Collect$$_printf_percent$$00000000)
    _printf_x                                0x0000062b   Thumb Code     0  _printf_x.o(.ARM.Collect$$_printf_percent$$0000000C)
    _printf_c                                0x00000631   Thumb Code     0  _printf_c.o(.ARM.Collect$$_printf_percent$$00000013)
    _printf_s                                0x00000637   Thumb Code     0  _printf_s.o(.ARM.Collect$$_printf_percent$$00000014)
    _printf_percent_end                      0x0000063d   Thumb Code     0  _printf_percent_end.o(.ARM.Collect$$_printf_percent$$00000017)
    __rt_lib_init                            0x00000641   Thumb Code     0  libinit.o(.ARM.Collect$$libinit$$00000000)
    __rt_lib_init_fp_1                       0x00000643   Thumb Code     0  libinit2.o(.ARM.Collect$$libinit$$00000001)
    __rt_lib_init_heap_1                     0x00000647   Thumb Code     0  libinit2.o(.ARM.Collect$$libinit$$0000000A)
    __rt_lib_init_preinit_1                  0x00000647   Thumb Code     0  libinit2.o(.ARM.Collect$$libinit$$00000004)
    __rt_lib_init_rand_2                     0x00000647   Thumb Code     0  libinit2.o(.ARM.Collect$$libinit$$0000000D)
    __rt_lib_init_user_alloc_1               0x00000647   Thumb Code     0  libinit2.o(.ARM.Collect$$libinit$$0000000C)
    __rt_lib_init_lc_common                  0x0000064b   Thumb Code     0  libinit2.o(.ARM.Collect$$libinit$$0000000F)
    __rt_lib_init_rand_1                     0x0000064b   Thumb Code     0  libinit2.o(.ARM.Collect$$libinit$$0000000E)
    __rt_lib_init_lc_collate_1               0x00000651   Thumb Code     0  libinit2.o(.ARM.Collect$$libinit$$00000011)
    __rt_lib_init_lc_ctype_2                 0x00000651   Thumb Code     0  libinit2.o(.ARM.Collect$$libinit$$00000012)
    __rt_lib_init_alloca_1                   0x0000065d   Thumb Code     0  libinit2.o(.ARM.Collect$$libinit$$0000002E)
    __rt_lib_init_argv_1                     0x0000065d   Thumb Code     0  libinit2.o(.ARM.Collect$$libinit$$0000002C)
    __rt_lib_init_atexit_1                   0x0000065d   Thumb Code     0  libinit2.o(.ARM.Collect$$libinit$$0000001B)
    __rt_lib_init_clock_1                    0x0000065d   Thumb Code     0  libinit2.o(.ARM.Collect$$libinit$$00000021)
    __rt_lib_init_cpp_1                      0x0000065d   Thumb Code     0  libinit2.o(.ARM.Collect$$libinit$$00000032)
    __rt_lib_init_exceptions_1               0x0000065d   Thumb Code     0  libinit2.o(.ARM.Collect$$libinit$$00000030)
    __rt_lib_init_fp_trap_1                  0x0000065d   Thumb Code     0  libinit2.o(.ARM.Collect$$libinit$$0000001F)
    __rt_lib_init_getenv_1                   0x0000065d   Thumb Code     0  libinit2.o(.ARM.Collect$$libinit$$00000023)
    __rt_lib_init_lc_ctype_1                 0x0000065d   Thumb Code     0  libinit2.o(.ARM.Collect$$libinit$$00000013)
    __rt_lib_init_lc_monetary_1              0x0000065d   Thumb Code     0  libinit2.o(.ARM.Collect$$libinit$$00000015)
    __rt_lib_init_lc_numeric_1               0x0000065d   Thumb Code     0  libinit2.o(.ARM.Collect$$libinit$$00000017)
    __rt_lib_init_lc_time_1                  0x0000065d   Thumb Code     0  libinit2.o(.ARM.Collect$$libinit$$00000019)
    __rt_lib_init_return                     0x0000065d   Thumb Code     0  libinit2.o(.ARM.Collect$$libinit$$00000033)
    __rt_lib_init_signal_1                   0x0000065d   Thumb Code     0  libinit2.o(.ARM.Collect$$libinit$$0000001D)
    __rt_lib_init_stdio_1                    0x0000065d   Thumb Code     0  libinit2.o(.ARM.Collect$$libinit$$00000025)
    __rt_lib_shutdown                        0x0000065f   Thumb Code     0  libshutdown.o(.ARM.Collect$$libshutdown$$00000000)
    __rt_lib_shutdown_cpp_1                  0x00000661   Thumb Code     0  libshutdown2.o(.ARM.Collect$$libshutdown$$00000002)
    __rt_lib_shutdown_fp_trap_1              0x00000661   Thumb Code     0  libshutdown2.o(.ARM.Collect$$libshutdown$$00000007)
    __rt_lib_shutdown_heap_1                 0x00000661   Thumb Code     0  libshutdown2.o(.ARM.Collect$$libshutdown$$0000000F)
    __rt_lib_shutdown_return                 0x00000661   Thumb Code     0  libshutdown2.o(.ARM.Collect$$libshutdown$$00000010)
    __rt_lib_shutdown_signal_1               0x00000661   Thumb Code     0  libshutdown2.o(.ARM.Collect$$libshutdown$$0000000A)
    __rt_lib_shutdown_stdio_1                0x00000661   Thumb Code     0  libshutdown2.o(.ARM.Collect$$libshutdown$$00000004)
    __rt_lib_shutdown_user_alloc_1           0x00000661   Thumb Code     0  libshutdown2.o(.ARM.Collect$$libshutdown$$0000000C)
    __rt_entry                               0x00000663   Thumb Code     0  __rtentry.o(.ARM.Collect$$rtentry$$00000000)
    __rt_entry_presh_1                       0x00000663   Thumb Code     0  __rtentry2.o(.ARM.Collect$$rtentry$$00000002)
    __rt_entry_sh                            0x00000663   Thumb Code     0  __rtentry7.o(.ARM.Collect$$rtentry$$00000007)
    __rt_entry_li                            0x00000667   Thumb Code     0  __rtentry2.o(.ARM.Collect$$rtentry$$0000000A)
    __rt_entry_postsh_1                      0x00000667   Thumb Code     0  __rtentry2.o(.ARM.Collect$$rtentry$$00000009)
    __rt_entry_main                          0x0000066b   Thumb Code     0  __rtentry2.o(.ARM.Collect$$rtentry$$0000000D)
    __rt_entry_postli_1                      0x0000066b   Thumb Code     0  __rtentry2.o(.ARM.Collect$$rtentry$$0000000C)
    __rt_exit                                0x00000679   Thumb Code     0  rtexit.o(.ARM.Collect$$rtexit$$00000000)
    __rt_exit_ls                             0x0000067b   Thumb Code     0  rtexit2.o(.ARM.Collect$$rtexit$$00000003)
    __rt_exit_prels_1                        0x0000067b   Thumb Code     0  rtexit2.o(.ARM.Collect$$rtexit$$00000002)
    __rt_exit_exit                           0x0000067f   Thumb Code     0  rtexit2.o(.ARM.Collect$$rtexit$$00000004)
    rand                                     0x00000685   Thumb Code    48  rand.o(.emb_text)
    __RAM_VECTOR_TABLE_SIZE                  0x000006b8   Data           4  startup_s32k144.o(.text)
    __VECTOR_RAM                             0x000006bc   Data           4  startup_s32k144.o(.text)
    __VECTOR_ROM                             0x000006c0   Data           4  startup_s32k144.o(.text)
    __VECTOR_ROM_START                       0x000006c4   Data           4  startup_s32k144.o(.text)
    __VECTOR_ROM_END                         0x000006c8   Data           4  startup_s32k144.o(.text)
    __CODE_ROM                               0x000006cc   Data           4  startup_s32k144.o(.text)
    __CODE_END                               0x000006d0   Data           4  startup_s32k144.o(.text)
    __CODE_RAM                               0x000006d4   Data           4  startup_s32k144.o(.text)
    __CODE_RAM_START                         0x000006d8   Data           4  startup_s32k144.o(.text)
    __CODE_RAM_END                           0x000006dc   Data           4  startup_s32k144.o(.text)
    __BSS_START                              0x000006e0   Data           4  startup_s32k144.o(.text)
    __BSS_END                                0x000006e4   Data           4  startup_s32k144.o(.text)
    __DATA_RAM                               0x000006e8   Data           4  startup_s32k144.o(.text)
    __DATA_RAM_START                         0x000006ec   Data           4  startup_s32k144.o(.text)
    __DATA_RAM_END                           0x000006f0   Data           4  startup_s32k144.o(.text)
    __DATA_ROM                               0x000006f4   Data           4  startup_s32k144.o(.text)
    __DATA_END                               0x000006f8   Data           4  startup_s32k144.o(.text)
    __CUSTOM_SECTION_START                   0x000006fc   Data           4  startup_s32k144.o(.text)
    __CUSTOM_SECTION_END                     0x00000700   Data           4  startup_s32k144.o(.text)
    __RAM_START                              0x00000704   Data           4  startup_s32k144.o(.text)
    __RAM_END                                0x00000708   Data           4  startup_s32k144.o(.text)
    Reset_Handler                            0x0000070d   Thumb Code    28  startup_s32k144.o(.text)
    NMI_Handler                              0x00000729   Thumb Code     2  startup_s32k144.o(.text)
    HardFault_Handler                        0x0000072b   Thumb Code     2  startup_s32k144.o(.text)
    MemManage_Handler                        0x0000072d   Thumb Code     2  startup_s32k144.o(.text)
    BusFault_Handler                         0x0000072f   Thumb Code     2  startup_s32k144.o(.text)
    UsageFault_Handler                       0x00000731   Thumb Code     2  startup_s32k144.o(.text)
    SVC_Handler                              0x00000733   Thumb Code     2  startup_s32k144.o(.text)
    DebugMon_Handler                         0x00000735   Thumb Code     2  startup_s32k144.o(.text)
    PendSV_Handler                           0x00000737   Thumb Code     2  startup_s32k144.o(.text)
    SysTick_Handler                          0x00000739   Thumb Code     2  startup_s32k144.o(.text)
    DefaultISR                               0x0000073b   Thumb Code     2  startup_s32k144.o(.text)
    ADC0_IRQHandler                          0x0000073d   Thumb Code     0  startup_s32k144.o(.text)
    ADC1_IRQHandler                          0x0000073d   Thumb Code     0  startup_s32k144.o(.text)
    CAN0_Error_IRQHandler                    0x0000073d   Thumb Code     0  startup_s32k144.o(.text)
    CAN0_ORed_0_15_MB_IRQHandler             0x0000073d   Thumb Code     0  startup_s32k144.o(.text)
    CAN0_ORed_16_31_MB_IRQHandler            0x0000073d   Thumb Code     0  startup_s32k144.o(.text)
    CAN0_ORed_IRQHandler                     0x0000073d   Thumb Code     0  startup_s32k144.o(.text)
    CAN0_Wake_Up_IRQHandler                  0x0000073d   Thumb Code     0  startup_s32k144.o(.text)
    CAN1_Error_IRQHandler                    0x0000073d   Thumb Code     0  startup_s32k144.o(.text)
    CAN1_ORed_0_15_MB_IRQHandler             0x0000073d   Thumb Code     0  startup_s32k144.o(.text)
    CAN1_ORed_IRQHandler                     0x0000073d   Thumb Code     0  startup_s32k144.o(.text)
    CAN2_Error_IRQHandler                    0x0000073d   Thumb Code     0  startup_s32k144.o(.text)
    CAN2_ORed_0_15_MB_IRQHandler             0x0000073d   Thumb Code     0  startup_s32k144.o(.text)
    CAN2_ORed_IRQHandler                     0x0000073d   Thumb Code     0  startup_s32k144.o(.text)
    CMP0_IRQHandler                          0x0000073d   Thumb Code     0  startup_s32k144.o(.text)
    DMA0_IRQHandler                          0x0000073d   Thumb Code     0  startup_s32k144.o(.text)
    DMA10_IRQHandler                         0x0000073d   Thumb Code     0  startup_s32k144.o(.text)
    DMA11_IRQHandler                         0x0000073d   Thumb Code     0  startup_s32k144.o(.text)
    DMA12_IRQHandler                         0x0000073d   Thumb Code     0  startup_s32k144.o(.text)
    DMA13_IRQHandler                         0x0000073d   Thumb Code     0  startup_s32k144.o(.text)
    DMA14_IRQHandler                         0x0000073d   Thumb Code     0  startup_s32k144.o(.text)
    DMA15_IRQHandler                         0x0000073d   Thumb Code     0  startup_s32k144.o(.text)
    DMA1_IRQHandler                          0x0000073d   Thumb Code     0  startup_s32k144.o(.text)
    DMA2_IRQHandler                          0x0000073d   Thumb Code     0  startup_s32k144.o(.text)
    DMA3_IRQHandler                          0x0000073d   Thumb Code     0  startup_s32k144.o(.text)
    DMA4_IRQHandler                          0x0000073d   Thumb Code     0  startup_s32k144.o(.text)
    DMA5_IRQHandler                          0x0000073d   Thumb Code     0  startup_s32k144.o(.text)
    DMA6_IRQHandler                          0x0000073d   Thumb Code     0  startup_s32k144.o(.text)
    DMA7_IRQHandler                          0x0000073d   Thumb Code     0  startup_s32k144.o(.text)
    DMA8_IRQHandler                          0x0000073d   Thumb Code     0  startup_s32k144.o(.text)
    DMA9_IRQHandler                          0x0000073d   Thumb Code     0  startup_s32k144.o(.text)
    DMA_Error_IRQHandler                     0x0000073d   Thumb Code     0  startup_s32k144.o(.text)
    ERM_double_fault_IRQHandler              0x0000073d   Thumb Code     0  startup_s32k144.o(.text)
    ERM_single_fault_IRQHandler              0x0000073d   Thumb Code     0  startup_s32k144.o(.text)
    FLEXIO_IRQHandler                        0x0000073d   Thumb Code     0  startup_s32k144.o(.text)
    FTFC_Fault_IRQHandler                    0x0000073d   Thumb Code     0  startup_s32k144.o(.text)
    FTFC_IRQHandler                          0x0000073d   Thumb Code     0  startup_s32k144.o(.text)
    FTM0_Ch0_Ch1_IRQHandler                  0x0000073d   Thumb Code     0  startup_s32k144.o(.text)
    FTM0_Ch2_Ch3_IRQHandler                  0x0000073d   Thumb Code     0  startup_s32k144.o(.text)
    FTM0_Ch4_Ch5_IRQHandler                  0x0000073d   Thumb Code     0  startup_s32k144.o(.text)
    FTM0_Ch6_Ch7_IRQHandler                  0x0000073d   Thumb Code     0  startup_s32k144.o(.text)
    FTM0_Fault_IRQHandler                    0x0000073d   Thumb Code     0  startup_s32k144.o(.text)
    FTM0_Ovf_Reload_IRQHandler               0x0000073d   Thumb Code     0  startup_s32k144.o(.text)
    FTM1_Ch0_Ch1_IRQHandler                  0x0000073d   Thumb Code     0  startup_s32k144.o(.text)
    FTM1_Ch2_Ch3_IRQHandler                  0x0000073d   Thumb Code     0  startup_s32k144.o(.text)
    FTM1_Ch4_Ch5_IRQHandler                  0x0000073d   Thumb Code     0  startup_s32k144.o(.text)
    FTM1_Ch6_Ch7_IRQHandler                  0x0000073d   Thumb Code     0  startup_s32k144.o(.text)
    FTM1_Fault_IRQHandler                    0x0000073d   Thumb Code     0  startup_s32k144.o(.text)
    FTM1_Ovf_Reload_IRQHandler               0x0000073d   Thumb Code     0  startup_s32k144.o(.text)
    FTM2_Ch0_Ch1_IRQHandler                  0x0000073d   Thumb Code     0  startup_s32k144.o(.text)
    FTM2_Ch2_Ch3_IRQHandler                  0x0000073d   Thumb Code     0  startup_s32k144.o(.text)
    FTM2_Ch4_Ch5_IRQHandler                  0x0000073d   Thumb Code     0  startup_s32k144.o(.text)
    FTM2_Ch6_Ch7_IRQHandler                  0x0000073d   Thumb Code     0  startup_s32k144.o(.text)
    FTM2_Fault_IRQHandler                    0x0000073d   Thumb Code     0  startup_s32k144.o(.text)
    FTM2_Ovf_Reload_IRQHandler               0x0000073d   Thumb Code     0  startup_s32k144.o(.text)
    FTM3_Ch0_Ch1_IRQHandler                  0x0000073d   Thumb Code     0  startup_s32k144.o(.text)
    FTM3_Ch2_Ch3_IRQHandler                  0x0000073d   Thumb Code     0  startup_s32k144.o(.text)
    FTM3_Ch4_Ch5_IRQHandler                  0x0000073d   Thumb Code     0  startup_s32k144.o(.text)
    FTM3_Ch6_Ch7_IRQHandler                  0x0000073d   Thumb Code     0  startup_s32k144.o(.text)
    FTM3_Fault_IRQHandler                    0x0000073d   Thumb Code     0  startup_s32k144.o(.text)
    FTM3_Ovf_Reload_IRQHandler               0x0000073d   Thumb Code     0  startup_s32k144.o(.text)
    LPI2C0_Slave_IRQHandler                  0x0000073d   Thumb Code     0  startup_s32k144.o(.text)
    LPIT0_Ch0_IRQHandler                     0x0000073d   Thumb Code     0  startup_s32k144.o(.text)
    LPIT0_Ch1_IRQHandler                     0x0000073d   Thumb Code     0  startup_s32k144.o(.text)
    LPIT0_Ch2_IRQHandler                     0x0000073d   Thumb Code     0  startup_s32k144.o(.text)
    LPIT0_Ch3_IRQHandler                     0x0000073d   Thumb Code     0  startup_s32k144.o(.text)
    LPSPI0_IRQHandler                        0x0000073d   Thumb Code     0  startup_s32k144.o(.text)
    LPSPI1_IRQHandler                        0x0000073d   Thumb Code     0  startup_s32k144.o(.text)
    LPSPI2_IRQHandler                        0x0000073d   Thumb Code     0  startup_s32k144.o(.text)
    LPTMR0_IRQHandler                        0x0000073d   Thumb Code     0  startup_s32k144.o(.text)
    LPUART2_RxTx_IRQHandler                  0x0000073d   Thumb Code     0  startup_s32k144.o(.text)
    LVD_LVW_IRQHandler                       0x0000073d   Thumb Code     0  startup_s32k144.o(.text)
    MCM_IRQHandler                           0x0000073d   Thumb Code     0  startup_s32k144.o(.text)
    PDB0_IRQHandler                          0x0000073d   Thumb Code     0  startup_s32k144.o(.text)
    PDB1_IRQHandler                          0x0000073d   Thumb Code     0  startup_s32k144.o(.text)
    PORTA_IRQHandler                         0x0000073d   Thumb Code     0  startup_s32k144.o(.text)
    PORTB_IRQHandler                         0x0000073d   Thumb Code     0  startup_s32k144.o(.text)
    PORTD_IRQHandler                         0x0000073d   Thumb Code     0  startup_s32k144.o(.text)
    PORTE_IRQHandler                         0x0000073d   Thumb Code     0  startup_s32k144.o(.text)
    RCM_IRQHandler                           0x0000073d   Thumb Code     0  startup_s32k144.o(.text)
    RTC_IRQHandler                           0x0000073d   Thumb Code     0  startup_s32k144.o(.text)
    RTC_Seconds_IRQHandler                   0x0000073d   Thumb Code     0  startup_s32k144.o(.text)
    Read_Collision_IRQHandler                0x0000073d   Thumb Code     0  startup_s32k144.o(.text)
    Reserved100_IRQHandler                   0x0000073d   Thumb Code     0  startup_s32k144.o(.text)
    Reserved103_IRQHandler                   0x0000073d   Thumb Code     0  startup_s32k144.o(.text)
    Reserved105_IRQHandler                   0x0000073d   Thumb Code     0  startup_s32k144.o(.text)
    Reserved106_IRQHandler                   0x0000073d   Thumb Code     0  startup_s32k144.o(.text)
    Reserved107_IRQHandler                   0x0000073d   Thumb Code     0  startup_s32k144.o(.text)
    Reserved110_IRQHandler                   0x0000073d   Thumb Code     0  startup_s32k144.o(.text)
    Reserved112_IRQHandler                   0x0000073d   Thumb Code     0  startup_s32k144.o(.text)
    Reserved113_IRQHandler                   0x0000073d   Thumb Code     0  startup_s32k144.o(.text)
    Reserved114_IRQHandler                   0x0000073d   Thumb Code     0  startup_s32k144.o(.text)
    Reserved45_IRQHandler                    0x0000073d   Thumb Code     0  startup_s32k144.o(.text)
    Reserved46_IRQHandler                    0x0000073d   Thumb Code     0  startup_s32k144.o(.text)
    Reserved48_IRQHandler                    0x0000073d   Thumb Code     0  startup_s32k144.o(.text)
    Reserved50_IRQHandler                    0x0000073d   Thumb Code     0  startup_s32k144.o(.text)
    Reserved52_IRQHandler                    0x0000073d   Thumb Code     0  startup_s32k144.o(.text)
    Reserved53_IRQHandler                    0x0000073d   Thumb Code     0  startup_s32k144.o(.text)
    Reserved54_IRQHandler                    0x0000073d   Thumb Code     0  startup_s32k144.o(.text)
    Reserved58_IRQHandler                    0x0000073d   Thumb Code     0  startup_s32k144.o(.text)
    Reserved59_IRQHandler                    0x0000073d   Thumb Code     0  startup_s32k144.o(.text)
    Reserved69_IRQHandler                    0x0000073d   Thumb Code     0  startup_s32k144.o(.text)
    Reserved70_IRQHandler                    0x0000073d   Thumb Code     0  startup_s32k144.o(.text)
    Reserved71_IRQHandler                    0x0000073d   Thumb Code     0  startup_s32k144.o(.text)
    Reserved72_IRQHandler                    0x0000073d   Thumb Code     0  startup_s32k144.o(.text)
    Reserved81_IRQHandler                    0x0000073d   Thumb Code     0  startup_s32k144.o(.text)
    Reserved82_IRQHandler                    0x0000073d   Thumb Code     0  startup_s32k144.o(.text)
    Reserved83_IRQHandler                    0x0000073d   Thumb Code     0  startup_s32k144.o(.text)
    Reserved86_IRQHandler                    0x0000073d   Thumb Code     0  startup_s32k144.o(.text)
    Reserved87_IRQHandler                    0x0000073d   Thumb Code     0  startup_s32k144.o(.text)
    Reserved88_IRQHandler                    0x0000073d   Thumb Code     0  startup_s32k144.o(.text)
    Reserved89_IRQHandler                    0x0000073d   Thumb Code     0  startup_s32k144.o(.text)
    Reserved90_IRQHandler                    0x0000073d   Thumb Code     0  startup_s32k144.o(.text)
    Reserved91_IRQHandler                    0x0000073d   Thumb Code     0  startup_s32k144.o(.text)
    Reserved92_IRQHandler                    0x0000073d   Thumb Code     0  startup_s32k144.o(.text)
    Reserved93_IRQHandler                    0x0000073d   Thumb Code     0  startup_s32k144.o(.text)
    Reserved99_IRQHandler                    0x0000073d   Thumb Code     0  startup_s32k144.o(.text)
    SCG_IRQHandler                           0x0000073d   Thumb Code     0  startup_s32k144.o(.text)
    SWI_IRQHandler                           0x0000073d   Thumb Code     0  startup_s32k144.o(.text)
    WDOG_EWM_IRQHandler                      0x0000073d   Thumb Code     0  startup_s32k144.o(.text)
    __2sprintf                               0x00000755   Thumb Code    38  __2sprintf.o(.text)
    _printf_pre_padding                      0x00000781   Thumb Code    44  _printf_pad.o(.text)
    _printf_post_padding                     0x000007ad   Thumb Code    34  _printf_pad.o(.text)
    _printf_str                              0x000007cf   Thumb Code    82  _printf_str.o(.text)
    _printf_int_dec                          0x00000821   Thumb Code   104  _printf_dec.o(.text)
    _printf_int_hex                          0x00000899   Thumb Code    84  _printf_hex_int.o(.text)
    _printf_longlong_hex                     0x00000899   Thumb Code     0  _printf_hex_int.o(.text)
    __printf                                 0x000008f1   Thumb Code   308  __printf_flags_wp.o(.text)
    __0sscanf                                0x00000a29   Thumb Code    52  __0sscanf.o(.text)
    _scanf_int                               0x00000a65   Thumb Code   332  _scanf_int.o(.text)
    _scanf_string                            0x00000bb1   Thumb Code   224  _scanf_str.o(.text)
    srand                                    0x00000c91   Thumb Code    42  rand.o(.text)
    _rand_init                               0x00000cbb   Thumb Code     4  rand.o(.text)
    strstr                                   0x00000ccd   Thumb Code    36  strstr.o(.text)
    memcmp                                   0x00000cf1   Thumb Code    88  memcmp.o(.text)
    strcpy                                   0x00000d49   Thumb Code    72  strcpy.o(.text)
    __aeabi_memcpy                           0x00000d91   Thumb Code     0  rt_memcpy_v6.o(.text)
    __rt_memcpy                              0x00000d91   Thumb Code   138  rt_memcpy_v6.o(.text)
    _memcpy_lastbytes                        0x00000df7   Thumb Code     0  rt_memcpy_v6.o(.text)
    __aeabi_memclr                           0x00000e1b   Thumb Code     0  rt_memclr.o(.text)
    __rt_memclr                              0x00000e1b   Thumb Code    68  rt_memclr.o(.text)
    _memset                                  0x00000e1f   Thumb Code     0  rt_memclr.o(.text)
    __aeabi_memclr4                          0x00000e5f   Thumb Code     0  rt_memclr_w.o(.text)
    __aeabi_memclr8                          0x00000e5f   Thumb Code     0  rt_memclr_w.o(.text)
    __rt_memclr_w                            0x00000e5f   Thumb Code    78  rt_memclr_w.o(.text)
    _memset_w                                0x00000e63   Thumb Code     0  rt_memclr_w.o(.text)
    strncpy                                  0x00000ead   Thumb Code    86  strncpy.o(.text)
    _printf_int_common                       0x00000f03   Thumb Code   178  _printf_intcommon.o(.text)
    _printf_char_common                      0x00000fbf   Thumb Code    32  _printf_char_common.o(.text)
    _sputc                                   0x00000fe5   Thumb Code    10  _sputc.o(.text)
    _printf_cs_common                        0x00000fef   Thumb Code    20  _printf_char.o(.text)
    _printf_char                             0x00001003   Thumb Code    16  _printf_char.o(.text)
    _printf_string                           0x00001013   Thumb Code     8  _printf_char.o(.text)
    _chval                                   0x0000101b   Thumb Code    28  _chval.o(.text)
    __vfscanf_char                           0x00001045   Thumb Code    24  scanf_char.o(.text)
    _sgetc                                   0x00001065   Thumb Code    30  _sgetc.o(.text)
    _sbackspace                              0x00001083   Thumb Code    34  _sgetc.o(.text)
    __aeabi_memcpy4                          0x000010a5   Thumb Code     0  rt_memcpy_w.o(.text)
    __aeabi_memcpy8                          0x000010a5   Thumb Code     0  rt_memcpy_w.o(.text)
    __rt_memcpy_w                            0x000010a5   Thumb Code   100  rt_memcpy_w.o(.text)
    _memcpy_lastbytes_aligned                0x000010ed   Thumb Code     0  rt_memcpy_w.o(.text)
    isspace                                  0x00001109   Thumb Code    18  isspace.o(.text)
    __vfscanf                                0x0000111d   Thumb Code   878  _scanf.o(.text)
    __rt_ctype_table                         0x00001491   Thumb Code    16  rt_ctype_table.o(.text)
    exit                                     0x000014a1   Thumb Code    18  exit.o(.text)
    __rt_locale                              0x000014b5   Thumb Code     8  rt_locale_intlibspace.o(.text)
    __I$use$semihosting                      0x000014bd   Thumb Code     0  use_no_semi.o(.text)
    __use_no_semihosting_swi                 0x000014bd   Thumb Code     2  use_no_semi.o(.text)
    __semihosting_library_function           0x000014bf   Thumb Code     0  indicate_semi.o(.text)
    strcmp                                   0x000014c1   Thumb Code   124  strcmpv7em.o(.text)
    _sys_exit                                0x0000153d   Thumb Code     8  sys_exit.o(.text)
    CheckAvailableTag                        0x00001549   Thumb Code   128  main.o(.text.CheckAvailableTag)
    CheckRole                                0x000015c9   Thumb Code    38  main.o(.text.CheckRole)
    DelayMillis                              0x000015f1   Thumb Code    34  systick_delay.o(.text.DelayMillis)
    DeleteCard                               0x00001615   Thumb Code   218  main.o(.text.DeleteCard)
    GPIO_SetOutputPin                        0x000016f1   Thumb Code    14  gpio.o(.text.GPIO_SetOutputPin)
    Gpio_Init                                0x00001701   Thumb Code    72  gpio.o(.text.Gpio_Init)
    Init                                     0x00001749   Thumb Code   132  main.o(.text.Init)
    IsMasterID                               0x000017cd   Thumb Code    68  main.o(.text.IsMasterID)
    IsSlaveIDInSys                           0x00001811   Thumb Code    76  main.o(.text.IsSlaveIDInSys)
    LPI2C0_Master_IRQHandler                 0x0000185d   Thumb Code   154  i2c.o(.text.LPI2C0_Master_IRQHandler)
    LPI2C0_clock                             0x000018f9   Thumb Code    16  i2c.o(.text.LPI2C0_clock)
    LPI2C0_init                              0x00001909   Thumb Code    56  i2c.o(.text.LPI2C0_init)
    LPI2C0_write                             0x00001941   Thumb Code    74  i2c.o(.text.LPI2C0_write)
    LPUART0_RxTx_IRQHandler                  0x0000198d   Thumb Code    26  lpuart.o(.text.LPUART0_RxTx_IRQHandler)
    LPUART1_RxTx_IRQHandler                  0x000019a9   Thumb Code   480  main.o(.text.LPUART1_RxTx_IRQHandler)
    LPUART_init                              0x00001b89   Thumb Code   188  lpuart.o(.text.LPUART_init)
    LPUARTx_SendByte                         0x00001c45   Thumb Code    10  lpuart.o(.text.LPUARTx_SendByte)
    LPUARTx_SendString                       0x00001c51   Thumb Code    34  lpuart.o(.text.LPUARTx_SendString)
    LoadID                                   0x00001c75   Thumb Code    56  main.o(.text.LoadID)
    NVIC_EnableInterrupt                     0x00001cad   Thumb Code    34  nvic.o(.text.NVIC_EnableInterrupt)
    NVIC_SetPriority                         0x00001cd1   Thumb Code    40  nvic.o(.text.NVIC_SetPriority)
    NormalRUNmode_80MHz                      0x00001cf9   Thumb Code    30  clock.o(.text.NormalRUNmode_80MHz)
    PORTC_IRQHandler                         0x00001d19   Thumb Code    92  main.o(.text.PORTC_IRQHandler)
    PORT_conf                                0x00001d75   Thumb Code   308  main.o(.text.PORT_conf)
    RegisterCard                             0x00001ea9   Thumb Code   224  main.o(.text.RegisterCard)
    SOSC_Init                                0x00001f89   Thumb Code    48  clock.o(.text.SOSC_Init)
    SPLL_160Mhz_init                         0x00001fb9   Thumb Code    60  clock.o(.text.SPLL_160Mhz_init)
    SendPacket                               0x00001ff5   Thumb Code   232  main.o(.text.SendPacket)
    SystemInit                               0x000020dd   Thumb Code    64  system_s32k144.o(.text.SystemInit)
    TM_MFRC522_AntennaOn                     0x0000211d   Thumb Code    24  mfrc522.o(.text.TM_MFRC522_AntennaOn)
    TM_MFRC522_Anticoll                      0x00002135   Thumb Code    78  mfrc522.o(.text.TM_MFRC522_Anticoll)
    TM_MFRC522_CalculateCRC                  0x00002185   Thumb Code    88  mfrc522.o(.text.TM_MFRC522_CalculateCRC)
    TM_MFRC522_Check                         0x000021dd   Thumb Code    32  mfrc522.o(.text.TM_MFRC522_Check)
    TM_MFRC522_ClearBitMask                  0x000021fd   Thumb Code    22  mfrc522.o(.text.TM_MFRC522_ClearBitMask)
    TM_MFRC522_Halt                          0x00002215   Thumb Code    48  mfrc522.o(.text.TM_MFRC522_Halt)
    TM_MFRC522_Init                          0x00002245   Thumb Code    68  mfrc522.o(.text.TM_MFRC522_Init)
    TM_MFRC522_ReadRegister                  0x00002289   Thumb Code    46  mfrc522.o(.text.TM_MFRC522_ReadRegister)
    TM_MFRC522_Request                       0x000022b9   Thumb Code    64  mfrc522.o(.text.TM_MFRC522_Request)
    TM_MFRC522_Reset                         0x000022f9   Thumb Code    12  mfrc522.o(.text.TM_MFRC522_Reset)
    TM_MFRC522_SetBitMask                    0x00002305   Thumb Code    22  mfrc522.o(.text.TM_MFRC522_SetBitMask)
    TM_MFRC522_ToCard                        0x0000231d   Thumb Code   270  mfrc522.o(.text.TM_MFRC522_ToCard)
    TM_MFRC522_WriteRegister                 0x0000242d   Thumb Code    46  mfrc522.o(.text.TM_MFRC522_WriteRegister)
    TM_SPI_Init                              0x0000245d   Thumb Code    64  mfrc522.o(.text.TM_SPI_Init)
    TM_SPI_Send                              0x0000249d   Thumb Code    56  mfrc522.o(.text.TM_SPI_Send)
    delay_ms                                 0x00002511   Thumb Code    22  systick_delay.o(.text.delay_ms)
    get_clock_frequency                      0x000025a1   Thumb Code    36  lpuart.o(.text.get_clock_frequency)
    initSysTick                              0x000025d9   Thumb Code    36  systick_delay.o(.text.initSysTick)
    init_data_bss                            0x000025fd   Thumb Code    80  startup.o(.text.init_data_bss)
    lcd_clear                                0x0000264d   Thumb Code    24  i2c-lcd.o(.text.lcd_clear)
    lcd_init                                 0x00002665   Thumb Code   118  i2c-lcd.o(.text.lcd_init)
    lcd_put_cur                              0x000026dd   Thumb Code    28  i2c-lcd.o(.text.lcd_put_cur)
    lcd_send_cmd                             0x000026f9   Thumb Code    64  i2c-lcd.o(.text.lcd_send_cmd)
    lcd_send_data                            0x00002739   Thumb Code    64  i2c-lcd.o(.text.lcd_send_data)
    lcd_send_num                             0x00002779   Thumb Code    12  i2c-lcd.o(.text.lcd_send_num)
    lcd_send_string                          0x00002785   Thumb Code    28  i2c-lcd.o(.text.lcd_send_string)
    main                                     0x000027a1   Thumb Code  1312  main.o(.text.main)
    sendData                                 0x00002cc1   Thumb Code   144  main.o(.text.sendData)
    _is_digit                                0x00002d5d   Thumb Code    14  __printf_wp.o(i._is_digit)
    _get_lc_ctype                            0x00002d6d   Thumb Code    44  lc_ctype_c.o(locale$$code)
    _fp_init                                 0x00002d99   Thumb Code    26  fpinit.o(x$fpl$fpinit)
    __fplib_config_fpu_vfp                   0x00002db1   Thumb Code     0  fpinit.o(x$fpl$fpinit)
    __fplib_config_pureend_doubles           0x00002db1   Thumb Code     0  fpinit.o(x$fpl$fpinit)
    Region$$Table$$Base                      0x00002db4   Number         0  anon$$obj.o(Region$$Table)
    Image$$ER_m_text$$Limit                  0x00002dd4   Number         0  anon$$obj.o ABSOLUTE
    Region$$Table$$Limit                     0x00002dd4   Number         0  anon$$obj.o(Region$$Table)
    Image$$VECTOR_RAM$$Base                  0x1fff8000   Number         0  anon$$obj.o ABSOLUTE
    Image$$RW_m_data$$Base                   0x1fff8400   Number         0  anon$$obj.o ABSOLUTE
    Image$$RW_m_code$$Base                   0x1fff8404   Number         0  anon$$obj.o ABSOLUTE
    Image$$RW_m_code$$Limit                  0x1fff8404   Number         0  anon$$obj.o ABSOLUTE
    Image$$RW_m_data$$Limit                  0x1fff8404   Number         0  anon$$obj.o ABSOLUTE
    Image$$RW_m_custom_section$$Base         0x20000000   Number         0  anon$$obj.o ABSOLUTE
    Image$$RW_m_custom_section$$Limit        0x20000000   Number         0  anon$$obj.o ABSOLUTE
    Image$$RW_m_data_2$$ZI$$Base             0x20000000   Number         0  anon$$obj.o ABSOLUTE
    _random_number_data                      0x20000000   Data         228  rand.o(.bss)
    __libspace_start                         0x200000e4   Data          96  libspace.o(.bss)
    __temporary_stack_top$libspace           0x20000144   Data           0  libspace.o(.bss)
    Image$$ARM_LIB_HEAP$$ZI$$Base            0x2000110c   Number         0  anon$$obj.o ABSOLUTE
    Image$$RW_m_data_2$$ZI$$Limit            0x2000110c   Number         0  anon$$obj.o ABSOLUTE
    Image$$ARM_LIB_HEAP$$ZI$$Limit           0x2000150c   Number         0  anon$$obj.o ABSOLUTE
    Image$$ARM_LIB_STACK$$Limit              0x20006c00   Number         0  anon$$obj.o ABSOLUTE
    Image$$ARM_LIB_STACK$$ZI$$Limit          0x20007000   Number         0  anon$$obj.o ABSOLUTE



==============================================================================

Memory Map of the image

  Image Entry point : 0x000005b1

  Load Region LR_m_text (Base: 0x00000000, Size: 0x00002dd8, Max: 0x00080000, ABSOLUTE)

    Execution Region VECTOR_ROM (Exec base: 0x00000000, Load base: 0x00000000, Size: 0x00000230, Max: 0x00000400, ABSOLUTE)

    Exec Addr    Load Addr    Size         Type   Attr      Idx    E Section Name        Object

    0x00000000   0x00000000   0x00000230   Data   RO          270    RESET               startup_s32k144.o


    Execution Region ER_m_flash_config (Exec base: 0x00000400, Load base: 0x00000400, Size: 0x00000010, Max: 0x00000010, ABSOLUTE, FIXED)

    Exec Addr    Load Addr    Size         Type   Attr      Idx    E Section Name        Object

    0x00000400   0x00000400   0x00000010   Data   RO          271    FlashConfig         startup_s32k144.o


    Execution Region ER_m_text_const (Exec base: 0x00000410, Load base: 0x00000410, Size: 0x000001a0, Max: 0xffffffff, ABSOLUTE)

    Exec Addr    Load Addr    Size         Type   Attr      Idx    E Section Name        Object

    0x00000410   0x00000410   0x00000028   Data   RO          310    .constdata          c_w.l(_printf_hex_int.o)
    0x00000438   0x00000438   0x00000011   Data   RO          340    .constdata          c_w.l(__printf_flags_wp.o)
    0x00000449   0x00000449   0x00000025   Data   RO           48    .rodata.masterID    main.o
    0x0000046e   0x0000046e   0x00000030   Data   RO           38    .rodata.str1.1      main.o
    0x0000049e   0x0000049e   0x00000002   PAD
    0x000004a0   0x000004a0   0x00000110   Data   RO          508    locale$$data        c_w.l(lc_ctype_c.o)


    Execution Region ER_m_text (Exec base: 0x000005b0, Load base: 0x000005b0, Size: 0x00002824, Max: 0x0007fbf0, ABSOLUTE)

    Exec Addr    Load Addr    Size         Type   Attr      Idx    E Section Name        Object

    0x000005b0   0x000005b0   0x00000008   Code   RO          377  * !!!main             c_w.l(__main.o)
    0x000005b8   0x000005b8   0x00000034   Code   RO          588    !!!scatter          c_w.l(__scatter.o)
    0x000005ec   0x000005ec   0x0000001a   Code   RO          590    !!handler_copy      c_w.l(__scatter_copy.o)
    0x00000606   0x00000606   0x00000002   PAD
    0x00000608   0x00000608   0x0000001c   Code   RO          592    !!handler_zi        c_w.l(__scatter_zi.o)
    0x00000624   0x00000624   0x00000000   Code   RO          351    .ARM.Collect$$_printf_percent$$00000000  c_w.l(_printf_percent.o)
    0x00000624   0x00000624   0x00000006   Code   RO          350    .ARM.Collect$$_printf_percent$$00000009  c_w.l(_printf_d.o)
    0x0000062a   0x0000062a   0x00000006   Code   RO          349    .ARM.Collect$$_printf_percent$$0000000C  c_w.l(_printf_x.o)
    0x00000630   0x00000630   0x00000006   Code   RO          347    .ARM.Collect$$_printf_percent$$00000013  c_w.l(_printf_c.o)
    0x00000636   0x00000636   0x00000006   Code   RO          348    .ARM.Collect$$_printf_percent$$00000014  c_w.l(_printf_s.o)
    0x0000063c   0x0000063c   0x00000004   Code   RO          388    .ARM.Collect$$_printf_percent$$00000017  c_w.l(_printf_percent_end.o)
    0x00000640   0x00000640   0x00000002   Code   RO          487    .ARM.Collect$$libinit$$00000000  c_w.l(libinit.o)
    0x00000642   0x00000642   0x00000004   Code   RO          397    .ARM.Collect$$libinit$$00000001  c_w.l(libinit2.o)
    0x00000646   0x00000646   0x00000000   Code   RO          400    .ARM.Collect$$libinit$$00000004  c_w.l(libinit2.o)
    0x00000646   0x00000646   0x00000000   Code   RO          403    .ARM.Collect$$libinit$$0000000A  c_w.l(libinit2.o)
    0x00000646   0x00000646   0x00000000   Code   RO          405    .ARM.Collect$$libinit$$0000000C  c_w.l(libinit2.o)
    0x00000646   0x00000646   0x00000004   Code   RO          406    .ARM.Collect$$libinit$$0000000D  c_w.l(libinit2.o)
    0x0000064a   0x0000064a   0x00000000   Code   RO          407    .ARM.Collect$$libinit$$0000000E  c_w.l(libinit2.o)
    0x0000064a   0x0000064a   0x00000006   Code   RO          408    .ARM.Collect$$libinit$$0000000F  c_w.l(libinit2.o)
    0x00000650   0x00000650   0x00000000   Code   RO          410    .ARM.Collect$$libinit$$00000011  c_w.l(libinit2.o)
    0x00000650   0x00000650   0x0000000c   Code   RO          411    .ARM.Collect$$libinit$$00000012  c_w.l(libinit2.o)
    0x0000065c   0x0000065c   0x00000000   Code   RO          412    .ARM.Collect$$libinit$$00000013  c_w.l(libinit2.o)
    0x0000065c   0x0000065c   0x00000000   Code   RO          414    .ARM.Collect$$libinit$$00000015  c_w.l(libinit2.o)
    0x0000065c   0x0000065c   0x00000000   Code   RO          416    .ARM.Collect$$libinit$$00000017  c_w.l(libinit2.o)
    0x0000065c   0x0000065c   0x00000000   Code   RO          418    .ARM.Collect$$libinit$$00000019  c_w.l(libinit2.o)
    0x0000065c   0x0000065c   0x00000000   Code   RO          420    .ARM.Collect$$libinit$$0000001B  c_w.l(libinit2.o)
    0x0000065c   0x0000065c   0x00000000   Code   RO          422    .ARM.Collect$$libinit$$0000001D  c_w.l(libinit2.o)
    0x0000065c   0x0000065c   0x00000000   Code   RO          424    .ARM.Collect$$libinit$$0000001F  c_w.l(libinit2.o)
    0x0000065c   0x0000065c   0x00000000   Code   RO          426    .ARM.Collect$$libinit$$00000021  c_w.l(libinit2.o)
    0x0000065c   0x0000065c   0x00000000   Code   RO          428    .ARM.Collect$$libinit$$00000023  c_w.l(libinit2.o)
    0x0000065c   0x0000065c   0x00000000   Code   RO          430    .ARM.Collect$$libinit$$00000025  c_w.l(libinit2.o)
    0x0000065c   0x0000065c   0x00000000   Code   RO          434    .ARM.Collect$$libinit$$0000002C  c_w.l(libinit2.o)
    0x0000065c   0x0000065c   0x00000000   Code   RO          436    .ARM.Collect$$libinit$$0000002E  c_w.l(libinit2.o)
    0x0000065c   0x0000065c   0x00000000   Code   RO          438    .ARM.Collect$$libinit$$00000030  c_w.l(libinit2.o)
    0x0000065c   0x0000065c   0x00000000   Code   RO          440    .ARM.Collect$$libinit$$00000032  c_w.l(libinit2.o)
    0x0000065c   0x0000065c   0x00000002   Code   RO          441    .ARM.Collect$$libinit$$00000033  c_w.l(libinit2.o)
    0x0000065e   0x0000065e   0x00000002   Code   RO          547    .ARM.Collect$$libshutdown$$00000000  c_w.l(libshutdown.o)
    0x00000660   0x00000660   0x00000000   Code   RO          555    .ARM.Collect$$libshutdown$$00000002  c_w.l(libshutdown2.o)
    0x00000660   0x00000660   0x00000000   Code   RO          557    .ARM.Collect$$libshutdown$$00000004  c_w.l(libshutdown2.o)
    0x00000660   0x00000660   0x00000000   Code   RO          560    .ARM.Collect$$libshutdown$$00000007  c_w.l(libshutdown2.o)
    0x00000660   0x00000660   0x00000000   Code   RO          563    .ARM.Collect$$libshutdown$$0000000A  c_w.l(libshutdown2.o)
    0x00000660   0x00000660   0x00000000   Code   RO          565    .ARM.Collect$$libshutdown$$0000000C  c_w.l(libshutdown2.o)
    0x00000660   0x00000660   0x00000000   Code   RO          568    .ARM.Collect$$libshutdown$$0000000F  c_w.l(libshutdown2.o)
    0x00000660   0x00000660   0x00000002   Code   RO          569    .ARM.Collect$$libshutdown$$00000010  c_w.l(libshutdown2.o)
    0x00000662   0x00000662   0x00000000   Code   RO          379    .ARM.Collect$$rtentry$$00000000  c_w.l(__rtentry.o)
    0x00000662   0x00000662   0x00000000   Code   RO          443    .ARM.Collect$$rtentry$$00000002  c_w.l(__rtentry2.o)
    0x00000662   0x00000662   0x00000004   Code   RO          457    .ARM.Collect$$rtentry$$00000007  c_w.l(__rtentry7.o)
    0x00000666   0x00000666   0x00000000   Code   RO          445    .ARM.Collect$$rtentry$$00000009  c_w.l(__rtentry2.o)
    0x00000666   0x00000666   0x00000004   Code   RO          446    .ARM.Collect$$rtentry$$0000000A  c_w.l(__rtentry2.o)
    0x0000066a   0x0000066a   0x00000000   Code   RO          448    .ARM.Collect$$rtentry$$0000000C  c_w.l(__rtentry2.o)
    0x0000066a   0x0000066a   0x00000008   Code   RO          449    .ARM.Collect$$rtentry$$0000000D  c_w.l(__rtentry2.o)
    0x00000672   0x00000672   0x00000002   PAD
    0x00000674   0x00000674   0x00000004   Code   RO          458    .ARM.Collect$$rtentry$$00002718  c_w.l(__rtentry7.o)
    0x00000678   0x00000678   0x00000002   Code   RO          499    .ARM.Collect$$rtexit$$00000000  c_w.l(rtexit.o)
    0x0000067a   0x0000067a   0x00000000   Code   RO          523    .ARM.Collect$$rtexit$$00000002  c_w.l(rtexit2.o)
    0x0000067a   0x0000067a   0x00000004   Code   RO          524    .ARM.Collect$$rtexit$$00000003  c_w.l(rtexit2.o)
    0x0000067e   0x0000067e   0x00000006   Code   RO          525    .ARM.Collect$$rtexit$$00000004  c_w.l(rtexit2.o)
    0x00000684   0x00000684   0x00000034   Code   RO          358    .emb_text           c_w.l(rand.o)
    0x000006b8   0x000006b8   0x0000009c   Code   RO          269    .text               startup_s32k144.o
    0x00000754   0x00000754   0x0000002c   Code   RO          294    .text               c_w.l(__2sprintf.o)
    0x00000780   0x00000780   0x0000004e   Code   RO          300    .text               c_w.l(_printf_pad.o)
    0x000007ce   0x000007ce   0x00000052   Code   RO          302    .text               c_w.l(_printf_str.o)
    0x00000820   0x00000820   0x00000078   Code   RO          304    .text               c_w.l(_printf_dec.o)
    0x00000898   0x00000898   0x00000058   Code   RO          309    .text               c_w.l(_printf_hex_int.o)
    0x000008f0   0x000008f0   0x00000138   Code   RO          339    .text               c_w.l(__printf_flags_wp.o)
    0x00000a28   0x00000a28   0x0000003c   Code   RO          352    .text               c_w.l(__0sscanf.o)
    0x00000a64   0x00000a64   0x0000014c   Code   RO          354    .text               c_w.l(_scanf_int.o)
    0x00000bb0   0x00000bb0   0x000000e0   Code   RO          356    .text               c_w.l(_scanf_str.o)
    0x00000c90   0x00000c90   0x0000003c   Code   RO          359    .text               c_w.l(rand.o)
    0x00000ccc   0x00000ccc   0x00000024   Code   RO          363    .text               c_w.l(strstr.o)
    0x00000cf0   0x00000cf0   0x00000058   Code   RO          365    .text               c_w.l(memcmp.o)
    0x00000d48   0x00000d48   0x00000048   Code   RO          367    .text               c_w.l(strcpy.o)
    0x00000d90   0x00000d90   0x0000008a   Code   RO          369    .text               c_w.l(rt_memcpy_v6.o)
    0x00000e1a   0x00000e1a   0x00000044   Code   RO          371    .text               c_w.l(rt_memclr.o)
    0x00000e5e   0x00000e5e   0x0000004e   Code   RO          373    .text               c_w.l(rt_memclr_w.o)
    0x00000eac   0x00000eac   0x00000056   Code   RO          375    .text               c_w.l(strncpy.o)
    0x00000f02   0x00000f02   0x000000b2   Code   RO          380    .text               c_w.l(_printf_intcommon.o)
    0x00000fb4   0x00000fb4   0x00000030   Code   RO          382    .text               c_w.l(_printf_char_common.o)
    0x00000fe4   0x00000fe4   0x0000000a   Code   RO          384    .text               c_w.l(_sputc.o)
    0x00000fee   0x00000fee   0x0000002c   Code   RO          386    .text               c_w.l(_printf_char.o)
    0x0000101a   0x0000101a   0x0000001c   Code   RO          389    .text               c_w.l(_chval.o)
    0x00001036   0x00001036   0x00000002   PAD
    0x00001038   0x00001038   0x0000002c   Code   RO          391    .text               c_w.l(scanf_char.o)
    0x00001064   0x00001064   0x00000040   Code   RO          393    .text               c_w.l(_sgetc.o)
    0x000010a4   0x000010a4   0x00000064   Code   RO          395    .text               c_w.l(rt_memcpy_w.o)
    0x00001108   0x00001108   0x00000012   Code   RO          462    .text               c_w.l(isspace.o)
    0x0000111a   0x0000111a   0x00000002   PAD
    0x0000111c   0x0000111c   0x00000374   Code   RO          466    .text               c_w.l(_scanf.o)
    0x00001490   0x00001490   0x00000010   Code   RO          474    .text               c_w.l(rt_ctype_table.o)
    0x000014a0   0x000014a0   0x00000012   Code   RO          476    .text               c_w.l(exit.o)
    0x000014b2   0x000014b2   0x00000002   PAD
    0x000014b4   0x000014b4   0x00000008   Code   RO          504    .text               c_w.l(rt_locale_intlibspace.o)
    0x000014bc   0x000014bc   0x00000002   Code   RO          519    .text               c_w.l(use_no_semi.o)
    0x000014be   0x000014be   0x00000000   Code   RO          521    .text               c_w.l(indicate_semi.o)
    0x000014be   0x000014be   0x00000002   PAD
    0x000014c0   0x000014c0   0x0000007c   Code   RO          535    .text               c_w.l(strcmpv7em.o)
    0x0000153c   0x0000153c   0x0000000c   Code   RO          537    .text               c_w.l(sys_exit.o)
    0x00001548   0x00001548   0x00000080   Code   RO            9    .text.CheckAvailableTag  main.o
    0x000015c8   0x000015c8   0x00000026   Code   RO           29    .text.CheckRole     main.o
    0x000015ee   0x000015ee   0x00000002   PAD
    0x000015f0   0x000015f0   0x00000022   Code   RO           58    .text.DelayMillis   systick_delay.o
    0x00001612   0x00001612   0x00000002   PAD
    0x00001614   0x00001614   0x000000da   Code   RO           19    .text.DeleteCard    main.o
    0x000016ee   0x000016ee   0x00000002   PAD
    0x000016f0   0x000016f0   0x0000000e   Code   RO           89    .text.GPIO_SetOutputPin  gpio.o
    0x000016fe   0x000016fe   0x00000002   PAD
    0x00001700   0x00001700   0x00000048   Code   RO           85    .text.Gpio_Init     gpio.o
    0x00001748   0x00001748   0x00000084   Code   RO            7    .text.Init          main.o
    0x000017cc   0x000017cc   0x00000044   Code   RO           11    .text.IsMasterID    main.o
    0x00001810   0x00001810   0x0000004c   Code   RO           13    .text.IsSlaveIDInSys  main.o
    0x0000185c   0x0000185c   0x0000009a   Code   RO          156    .text.LPI2C0_Master_IRQHandler  i2c.o
    0x000018f6   0x000018f6   0x00000002   PAD
    0x000018f8   0x000018f8   0x00000010   Code   RO          138    .text.LPI2C0_clock  i2c.o
    0x00001908   0x00001908   0x00000038   Code   RO          136    .text.LPI2C0_init   i2c.o
    0x00001940   0x00001940   0x0000004a   Code   RO          140    .text.LPI2C0_write  i2c.o
    0x0000198a   0x0000198a   0x00000002   PAD
    0x0000198c   0x0000198c   0x0000001a   Code   RO          179    .text.LPUART0_RxTx_IRQHandler  lpuart.o
    0x000019a6   0x000019a6   0x00000002   PAD
    0x000019a8   0x000019a8   0x000001e0   Code   RO           21    .text.LPUART1_RxTx_IRQHandler  main.o
    0x00001b88   0x00001b88   0x000000bc   Code   RO          169    .text.LPUART_init   lpuart.o
    0x00001c44   0x00001c44   0x0000000a   Code   RO          173    .text.LPUARTx_SendByte  lpuart.o
    0x00001c4e   0x00001c4e   0x00000002   PAD
    0x00001c50   0x00001c50   0x00000022   Code   RO          175    .text.LPUARTx_SendString  lpuart.o
    0x00001c72   0x00001c72   0x00000002   PAD
    0x00001c74   0x00001c74   0x00000038   Code   RO           27    .text.LoadID        main.o
    0x00001cac   0x00001cac   0x00000022   Code   RO          119    .text.NVIC_EnableInterrupt  nvic.o
    0x00001cce   0x00001cce   0x00000002   PAD
    0x00001cd0   0x00001cd0   0x00000028   Code   RO          125    .text.NVIC_SetPriority  nvic.o
    0x00001cf8   0x00001cf8   0x0000001e   Code   RO           76    .text.NormalRUNmode_80MHz  clock.o
    0x00001d16   0x00001d16   0x00000002   PAD
    0x00001d18   0x00001d18   0x0000005c   Code   RO           23    .text.PORTC_IRQHandler  main.o
    0x00001d74   0x00001d74   0x00000134   Code   RO           25    .text.PORT_conf     main.o
    0x00001ea8   0x00001ea8   0x000000e0   Code   RO           17    .text.RegisterCard  main.o
    0x00001f88   0x00001f88   0x00000030   Code   RO           72    .text.SOSC_Init     clock.o
    0x00001fb8   0x00001fb8   0x0000003c   Code   RO           74    .text.SPLL_160Mhz_init  clock.o
    0x00001ff4   0x00001ff4   0x000000e8   Code   RO           31    .text.SendPacket    main.o
    0x000020dc   0x000020dc   0x00000040   Code   RO          278    .text.SystemInit    system_s32k144.o
    0x0000211c   0x0000211c   0x00000018   Code   RO          221    .text.TM_MFRC522_AntennaOn  mfrc522.o
    0x00002134   0x00002134   0x0000004e   Code   RO          227    .text.TM_MFRC522_Anticoll  mfrc522.o
    0x00002182   0x00002182   0x00000002   PAD
    0x00002184   0x00002184   0x00000058   Code   RO          243    .text.TM_MFRC522_CalculateCRC  mfrc522.o
    0x000021dc   0x000021dc   0x00000020   Code   RO          223    .text.TM_MFRC522_Check  mfrc522.o
    0x000021fc   0x000021fc   0x00000016   Code   RO          237    .text.TM_MFRC522_ClearBitMask  mfrc522.o
    0x00002212   0x00002212   0x00000002   PAD
    0x00002214   0x00002214   0x00000030   Code   RO          229    .text.TM_MFRC522_Halt  mfrc522.o
    0x00002244   0x00002244   0x00000044   Code   RO          215    .text.TM_MFRC522_Init  mfrc522.o
    0x00002288   0x00002288   0x0000002e   Code   RO          233    .text.TM_MFRC522_ReadRegister  mfrc522.o
    0x000022b6   0x000022b6   0x00000002   PAD
    0x000022b8   0x000022b8   0x00000040   Code   RO          225    .text.TM_MFRC522_Request  mfrc522.o
    0x000022f8   0x000022f8   0x0000000c   Code   RO          217    .text.TM_MFRC522_Reset  mfrc522.o
    0x00002304   0x00002304   0x00000016   Code   RO          235    .text.TM_MFRC522_SetBitMask  mfrc522.o
    0x0000231a   0x0000231a   0x00000002   PAD
    0x0000231c   0x0000231c   0x0000010e   Code   RO          241    .text.TM_MFRC522_ToCard  mfrc522.o
    0x0000242a   0x0000242a   0x00000002   PAD
    0x0000242c   0x0000242c   0x0000002e   Code   RO          219    .text.TM_MFRC522_WriteRegister  mfrc522.o
    0x0000245a   0x0000245a   0x00000002   PAD
    0x0000245c   0x0000245c   0x00000040   Code   RO          211    .text.TM_SPI_Init   mfrc522.o
    0x0000249c   0x0000249c   0x00000038   Code   RO          213    .text.TM_SPI_Send   mfrc522.o
    0x000024d4   0x000024d4   0x0000003c   Code   RO          142    .text.bus_busy      i2c.o
    0x00002510   0x00002510   0x00000016   Code   RO           60    .text.delay_ms      systick_delay.o
    0x00002526   0x00002526   0x00000002   PAD
    0x00002528   0x00002528   0x00000010   Code   RO          144    .text.generate_start_ACK  i2c.o
    0x00002538   0x00002538   0x00000068   Code   RO          148    .text.generate_stop  i2c.o
    0x000025a0   0x000025a0   0x00000024   Code   RO          167    .text.get_clock_frequency  lpuart.o
    0x000025c4   0x000025c4   0x00000012   Code   RO          171    .text.get_irqn      lpuart.o
    0x000025d6   0x000025d6   0x00000002   PAD
    0x000025d8   0x000025d8   0x00000024   Code   RO           62    .text.initSysTick   systick_delay.o
    0x000025fc   0x000025fc   0x00000050   Code   RO          261    .text.init_data_bss  startup.o
    0x0000264c   0x0000264c   0x00000018   Code   RO          193    .text.lcd_clear     i2c-lcd.o
    0x00002664   0x00002664   0x00000076   Code   RO          197    .text.lcd_init      i2c-lcd.o
    0x000026da   0x000026da   0x00000002   PAD
    0x000026dc   0x000026dc   0x0000001c   Code   RO          195    .text.lcd_put_cur   i2c-lcd.o
    0x000026f8   0x000026f8   0x00000040   Code   RO          189    .text.lcd_send_cmd  i2c-lcd.o
    0x00002738   0x00002738   0x00000040   Code   RO          191    .text.lcd_send_data  i2c-lcd.o
    0x00002778   0x00002778   0x0000000c   Code   RO          201    .text.lcd_send_num  i2c-lcd.o
    0x00002784   0x00002784   0x0000001c   Code   RO          199    .text.lcd_send_string  i2c-lcd.o
    0x000027a0   0x000027a0   0x00000520   Code   RO            5    .text.main          main.o
    0x00002cc0   0x00002cc0   0x00000090   Code   RO           15    .text.sendData      main.o
    0x00002d50   0x00002d50   0x0000000c   Code   RO          146    .text.transmit_data  i2c.o
    0x00002d5c   0x00002d5c   0x0000000e   Code   RO          337    i._is_digit         c_w.l(__printf_wp.o)
    0x00002d6a   0x00002d6a   0x00000002   PAD
    0x00002d6c   0x00002d6c   0x0000002c   Code   RO          509    locale$$code        c_w.l(lc_ctype_c.o)
    0x00002d98   0x00002d98   0x0000001a   Code   RO          470    x$fpl$fpinit        fz_wm.l(fpinit.o)
    0x00002db2   0x00002db2   0x00000002   PAD
    0x00002db4   0x00002db4   0x00000020   Data   RO          587    Region$$Table       anon$$obj.o


    Execution Region VECTOR_RAM (Exec base: 0x1fff8000, Load base: 0x00000230, Size: 0x00000400, Max: 0x00000400, ABSOLUTE)

    Exec Addr    Load Addr    Size         Type   Attr      Idx    E Section Name        Object

    0x1fff8000        -       0x00000400   Zero   RW            1    VECTOR_RAM.bss      anon$$obj.o


    Execution Region RW_m_data (Exec base: 0x1fff8400, Load base: 0x00002dd4, Size: 0x00000004, Max: 0xffffffff, ABSOLUTE)

    Exec Addr    Load Addr    Size         Type   Attr      Idx    E Section Name        Object

    0x1fff8400   0x00002dd4   0x00000001   Data   RW           35    .data.prevSubMenu   main.o


    Execution Region RW_m_code (Exec base: 0x1fff8404, Load base: 0x00002dd8, Size: 0x00000000, Max: 0x00007c00, ABSOLUTE)

    **** No section assigned to this execution region ****


    Execution Region RW_m_custom_section (Exec base: 0x20000000, Load base: 0x00002dd8, Size: 0x00000000, Max: 0xffffffff, ABSOLUTE)

    **** No section assigned to this execution region ****


    Execution Region RW_m_data_2 (Exec base: 0x20000000, Load base: 0x00002dd8, Size: 0x0000110c, Max: 0x00006800, ABSOLUTE)

    Exec Addr    Load Addr    Size         Type   Attr      Idx    E Section Name        Object

    0x20000000        -       0x000000e4   Zero   RW          360    .bss                c_w.l(rand.o)
    0x200000e4        -       0x00000060   Zero   RW          493    .bss                c_w.l(libspace.o)
    0x20000144        -       0x00000005   Zero   RW           47    .bss.CardID         main.o
    0x20000149        -       0x00000064   Zero   RW           43    .bss.LPUART1_RxTx_IRQHandler.buffer  main.o
    0x200001ad        -       0x00000001   Zero   RW           44    .bss.LPUART1_RxTx_IRQHandler.bufferIndex  main.o
    0x200001ae        -       0x00000001   Zero   RW           41    .bss.check1         main.o
    0x200001af        -       0x00000001   Zero   RW          158    .bss.error          i2c.o
    0x200001b0        -       0x00000001   Zero   RW           39    .bss.flag           main.o
    0x200001b1        -       0x00000001   Zero   RW           36    .bss.lastQuantity   main.o
    0x200001b2   0x00002dd8   0x00000002   PAD
    0x200001b4        -       0x00000014   Zero   RW           46    .bss.location       main.o
    0x200001c8        -       0x00000002   Zero   RW           33    .bss.menu           main.o
    0x200001ca        -       0x00000001   Zero   RW           37    .bss.quantity       main.o
    0x200001cb   0x00002dd8   0x00000001   PAD
    0x200001cc        -       0x00000e74   Zero   RW           40    .bss.slaveID        main.o
    0x20001040        -       0x00000002   Zero   RW           34    .bss.subMenu        main.o
    0x20001042        -       0x00000064   Zero   RW           45    .bss.szBuff         main.o
    0x200010a6        -       0x00000064   Zero   RW           42    .bss.szBuff2        main.o


    Execution Region ARM_LIB_HEAP (Exec base: 0x2000110c, Load base: 0x00002dd8, Size: 0x00000400, Max: 0x00000400, ABSOLUTE)

    Exec Addr    Load Addr    Size         Type   Attr      Idx    E Section Name        Object

    0x2000110c        -       0x00000400   Zero   RW            2    ARM_LIB_HEAP.bss    anon$$obj.o


    Execution Region ARM_LIB_STACK (Exec base: 0x20006c00, Load base: 0x00002dd8, Size: 0x00000400, Max: 0x00000400, ABSOLUTE)

    Exec Addr    Load Addr    Size         Type   Attr      Idx    E Section Name        Object

    0x20006c00        -       0x00000400   Zero   RW            3    ARM_LIB_STACK.bss   anon$$obj.o


==============================================================================

Image component sizes


      Code (inc. data)   RO Data    RW Data    ZI Data      Debug   Object Name

       138          0          0          0          0        649   clock.o
        86          0          0          0          0       2750   gpio.o
       338          0          0          0          0       2035   i2c-lcd.o
       492          0          0          0          1       4760   i2c.o
       312         16          0          0          0       5088   lpuart.o
      3508        352         85          1       4034       9324   main.o
       940          0          0          0          0       8080   mfrc522.o
        74          0          0          0          0       4500   nvic.o
        80          0          0          0          0       1117   startup.o
       156        106        576          0          0        932   startup_s32k144.o
        64          0          0          0          0       2973   system_s32k144.o
        92          0          0          0          0       1003   systick_delay.o

    ----------------------------------------------------------------------
      6320        474        695          4       7112      43211   Object Totals
         0          0         32          0       3072          0   (incl. Generated)
        40          0          2          3          5          0   (incl. Padding)

    ----------------------------------------------------------------------

      Code (inc. data)   RO Data    RW Data    ZI Data      Debug   Library Member Name

        60          8          0          0          0         84   __0sscanf.o
        44          6          0          0          0         84   __2sprintf.o
         8          0          0          0          0         68   __main.o
       312          4         17          0          0         92   __printf_flags_wp.o
        14          0          0          0          0         68   __printf_wp.o
         0          0          0          0          0          0   __rtentry.o
        12          0          0          0          0          0   __rtentry2.o
         8          4          0          0          0          0   __rtentry7.o
        52          8          0          0          0          0   __scatter.o
        26          0          0          0          0          0   __scatter_copy.o
        28          0          0          0          0          0   __scatter_zi.o
        28          0          0          0          0         68   _chval.o
         6          0          0          0          0          0   _printf_c.o
        44          0          0          0          0        108   _printf_char.o
        48          6          0          0          0         96   _printf_char_common.o
         6          0          0          0          0          0   _printf_d.o
       120         16          0          0          0         92   _printf_dec.o
        88          4         40          0          0         88   _printf_hex_int.o
       178          0          0          0          0         88   _printf_intcommon.o
        78          0          0          0          0        108   _printf_pad.o
         0          0          0          0          0          0   _printf_percent.o
         4          0          0          0          0          0   _printf_percent_end.o
         6          0          0          0          0          0   _printf_s.o
        82          0          0          0          0         80   _printf_str.o
         6          0          0          0          0          0   _printf_x.o
       884          6          0          0          0        100   _scanf.o
       332          0          0          0          0         96   _scanf_int.o
       224          0          0          0          0         96   _scanf_str.o
        64          0          0          0          0         84   _sgetc.o
        10          0          0          0          0         68   _sputc.o
        18          0          0          0          0         80   exit.o
         0          0          0          0          0          0   indicate_semi.o
        18          0          0          0          0         76   isspace.o
        44         10        272          0          0         76   lc_ctype_c.o
         2          0          0          0          0          0   libinit.o
        28          0          0          0          0          0   libinit2.o
         2          0          0          0          0          0   libshutdown.o
         2          0          0          0          0          0   libshutdown2.o
         0          0          0          0         96          0   libspace.o
        88          0          0          0          0         76   memcmp.o
       112         18          0          0        228        160   rand.o
        16          4          0          0          0         76   rt_ctype_table.o
         8          4          0          0          0         68   rt_locale_intlibspace.o
        68          0          0          0          0         68   rt_memclr.o
        78          0          0          0          0         80   rt_memclr_w.o
       138          0          0          0          0         68   rt_memcpy_v6.o
       100          0          0          0          0         80   rt_memcpy_w.o
         2          0          0          0          0          0   rtexit.o
        10          0          0          0          0          0   rtexit2.o
        44          8          0          0          0         84   scanf_char.o
       124          0          0          0          0         88   strcmpv7em.o
        72          0          0          0          0         80   strcpy.o
        86          0          0          0          0         76   strncpy.o
        36          0          0          0          0         80   strstr.o
        12          4          0          0          0         68   sys_exit.o
         2          0          0          0          0         68   use_no_semi.o
        26          0          0          0          0        116   fpinit.o

    ----------------------------------------------------------------------
      3924        110        329          0        324       3136   Library Totals
        16          0          0          0          0          0   (incl. Padding)

    ----------------------------------------------------------------------

      Code (inc. data)   RO Data    RW Data    ZI Data      Debug   Library Name

      3882        110        329          0        324       3020   c_w.l
        26          0          0          0          0        116   fz_wm.l

    ----------------------------------------------------------------------
      3924        110        329          0        324       3136   Library Totals

    ----------------------------------------------------------------------

==============================================================================


      Code (inc. data)   RO Data    RW Data    ZI Data      Debug   

     10244        584       1024          4       7436      44471   Grand Totals
     10244        584       1024          4       7436      44471   ELF Image Totals
     10244        584       1024          4          0          0   ROM Totals

==============================================================================

    Total RO  Size (Code + RO Data)                11268 (  11.00kB)
    Total RW  Size (RW Data + ZI Data)              7440 (   7.27kB)
    Total ROM Size (Code + RO Data + RW Data)      11272 (  11.01kB)

==============================================================================

